Archive member included because of file (symbol)

/opt/microchip/xc32/v2.30/bin/bin/../../lib/gcc/pic32mx/4.8.3/../../../../pic32mx/lib/micromips/libpic32.a(memcmp.o)
                              build/default/production/MQTTConnectServer.o (memcmp)
/opt/microchip/xc32/v2.30/bin/bin/../../lib/gcc/pic32mx/4.8.3/../../../../pic32mx/lib/micromips/libpic32.a(memcpy.o)
                              build/default/production/MQTTPacket.o (memcpy)
/opt/microchip/xc32/v2.30/bin/bin/../../lib/gcc/pic32mx/4.8.3/../../../../pic32mx/lib/micromips/libpic32.a(memset.o)
                              build/default/production/dns.o (memset)
/opt/microchip/xc32/v2.30/bin/bin/../../lib/gcc/pic32mx/4.8.3/../../../../pic32mx/lib/micromips/libpic32.a(strcpy.o)
                              build/default/production/dns.o (strcpy)
/opt/microchip/xc32/v2.30/bin/bin/../../lib/gcc/pic32mx/4.8.3/../../../../pic32mx/lib/micromips/libpic32.a(strlen.o)
                              build/default/production/dns.o (strlen)
/opt/microchip/xc32/v2.30/bin/bin/../../lib/gcc/pic32mx/4.8.3/../../../../pic32mx/lib/micromips/libpic32.a(default-bootstrap-exception-handler.o)
                              /tmp/ccbdkQ85.o (_bootstrap_exception_handler)
/opt/microchip/xc32/v2.30/bin/bin/../../lib/gcc/pic32mx/4.8.3/../../../../pic32mx/lib/micromips/libpic32.a(default-on-reset.o)
                              /tmp/ccbdkQ85.o (_on_reset)
/opt/microchip/xc32/v2.30/bin/bin/../../lib/gcc/pic32mx/4.8.3/../../../../pic32mx/lib/micromips/libpic32.a(default-on-bootstrap.o)
                              /tmp/ccbdkQ85.o (_on_bootstrap)
/opt/microchip/xc32/v2.30/bin/bin/../../lib/gcc/pic32mx/4.8.3/../../../../pic32mx/lib/micromips/libpic32.a(default-nmi-handler.o)
                              /tmp/ccbdkQ85.o (_nmi_handler)
/opt/microchip/xc32/v2.30/bin/bin/../../lib/gcc/pic32mx/4.8.3/../../../../pic32mx/lib/micromips/libpic32.a(pic32_data_init.o)
                              /tmp/ccbdkQ85.o (__pic32_data_init)
/opt/microchip/xc32/v2.30/bin/bin/../../lib/gcc/pic32mx/4.8.3/../../../../pic32mx/lib/micromips/libpic32.a(general-exception.o)
                              /tmp/ccbdkQ85.o (_general_exception_context)
/opt/microchip/xc32/v2.30/bin/bin/../../lib/gcc/pic32mx/4.8.3/../../../../pic32mx/lib/micromips/libpic32.a(vector0.o)
                              /tmp/ccdPawv1.o (__vector_dispatch_0)
/opt/microchip/xc32/v2.30/bin/bin/../../lib/gcc/pic32mx/4.8.3/../../../../pic32mx/lib/micromips/libpic32.a(vector1.o)
                              /tmp/ccdPawv1.o (__vector_dispatch_1)
/opt/microchip/xc32/v2.30/bin/bin/../../lib/gcc/pic32mx/4.8.3/../../../../pic32mx/lib/micromips/libpic32.a(vector2.o)
                              /tmp/ccdPawv1.o (__vector_dispatch_2)
/opt/microchip/xc32/v2.30/bin/bin/../../lib/gcc/pic32mx/4.8.3/../../../../pic32mx/lib/micromips/libpic32.a(vector3.o)
                              /tmp/ccdPawv1.o (__vector_dispatch_3)
/opt/microchip/xc32/v2.30/bin/bin/../../lib/gcc/pic32mx/4.8.3/../../../../pic32mx/lib/micromips/libpic32.a(vector4.o)
                              /tmp/ccdPawv1.o (__vector_dispatch_4)
/opt/microchip/xc32/v2.30/bin/bin/../../lib/gcc/pic32mx/4.8.3/../../../../pic32mx/lib/micromips/libpic32.a(vector5.o)
                              /tmp/ccdPawv1.o (__vector_dispatch_5)
/opt/microchip/xc32/v2.30/bin/bin/../../lib/gcc/pic32mx/4.8.3/../../../../pic32mx/lib/micromips/libpic32.a(vector6.o)
                              /tmp/ccdPawv1.o (__vector_dispatch_6)
/opt/microchip/xc32/v2.30/bin/bin/../../lib/gcc/pic32mx/4.8.3/../../../../pic32mx/lib/micromips/libpic32.a(vector7.o)
                              /tmp/ccdPawv1.o (__vector_dispatch_7)
/opt/microchip/xc32/v2.30/bin/bin/../../lib/gcc/pic32mx/4.8.3/../../../../pic32mx/lib/micromips/libpic32.a(vector8.o)
                              /tmp/ccdPawv1.o (__vector_dispatch_8)
/opt/microchip/xc32/v2.30/bin/bin/../../lib/gcc/pic32mx/4.8.3/../../../../pic32mx/lib/micromips/libpic32.a(vector9.o)
                              /tmp/ccdPawv1.o (__vector_dispatch_9)
/opt/microchip/xc32/v2.30/bin/bin/../../lib/gcc/pic32mx/4.8.3/../../../../pic32mx/lib/micromips/libpic32.a(vector10.o)
                              /tmp/ccdPawv1.o (__vector_dispatch_10)
/opt/microchip/xc32/v2.30/bin/bin/../../lib/gcc/pic32mx/4.8.3/../../../../pic32mx/lib/micromips/libpic32.a(vector11.o)
                              /tmp/ccdPawv1.o (__vector_dispatch_11)
/opt/microchip/xc32/v2.30/bin/bin/../../lib/gcc/pic32mx/4.8.3/../../../../pic32mx/lib/micromips/libpic32.a(vector12.o)
                              /tmp/ccdPawv1.o (__vector_dispatch_12)
/opt/microchip/xc32/v2.30/bin/bin/../../lib/gcc/pic32mx/4.8.3/../../../../pic32mx/lib/micromips/libpic32.a(vector13.o)
                              /tmp/ccdPawv1.o (__vector_dispatch_13)
/opt/microchip/xc32/v2.30/bin/bin/../../lib/gcc/pic32mx/4.8.3/../../../../pic32mx/lib/micromips/libpic32.a(vector14.o)
                              /tmp/ccdPawv1.o (__vector_dispatch_14)
[...]
Memory Configuration

Name             Origin             Length             Attributes
kseg0_program_mem 0x9d000000         0x00040000         xr
debug_exec_mem   0x9fc00490         0x00000760
kseg0_boot_mem   0x9fc00490         0x00000000
kseg1_boot_mem   0xbfc00000         0x00000490
config_BFC01744  0xbfc01744         0x00000004
config_BFC01748  0xbfc01748         0x00000004
config_BFC0174C  0xbfc0174c         0x00000004
config_BFC01750  0xbfc01750         0x00000004
config_BFC01754  0xbfc01754         0x00000004
config_BFC01758  0xbfc01758         0x00000004
config_BFC01760  0xbfc01760         0x00000004
config_BFC017C4  0xbfc017c4         0x00000004
config_BFC017C8  0xbfc017c8         0x00000004
config_BFC017CC  0xbfc017cc         0x00000004
config_BFC017D0  0xbfc017d0         0x00000004
config_BFC017D4  0xbfc017d4         0x00000004
config_BFC017D8  0xbfc017d8         0x00000004
config_BFC017E0  0xbfc017e0         0x00000004
kseg0_data_mem   0x80000000         0x00008000         w !x
sfrs             0xbf800000         0x00100000
configsfrs_BFC01740 0xbfc01740         0x0000001c
configsfrs_BFC017C0 0xbfc017c0         0x0000001c
*default*        0x00000000         0xffffffff

Linker script and memory map

LOAD /opt/microchip/xc32/v2.30/bin/bin/../../lib/gcc/pic32mx/4.8.3/../../../../pic32mx/lib/micromips/debug-exception-return-mm.o
LOAD build/default/production/w5500.o
LOAD build/default/production/socket.o
LOAD build/default/production/wizchip_conf.o
LOAD build/default/production/dhcp.o
LOAD build/default/production/dns.o
LOAD build/default/production/MQTTConnectClient.o
LOAD build/default/production/MQTTConnectServer.o
LOAD build/default/production/MQTTDeserializePublish.o
LOAD build/default/production/MQTTFormat.o
LOAD build/default/production/MQTTPacket.o
LOAD build/default/production/MQTTSerializePublish.o
LOAD build/default/production/MQTTSubscribeClient.o
LOAD build/default/production/MQTTSubscribeServer.o
LOAD build/default/production/MQTTUnsubscribeClient.o
LOAD build/default/production/MQTTUnsubscribeServer.o
LOAD build/default/production/MQTTClient.o
LOAD build/default/production/mqtt_interface.o
LOAD build/default/production/mcc_generated_files/spi3.o
LOAD build/default/production/mcc_generated_files/system.o
LOAD build/default/production/mcc_generated_files/clock.o
LOAD build/default/production/mcc_generated_files/exceptions.o
LOAD build/default/production/mcc_generated_files/interrupt_manager.o
LOAD build/default/production/mcc_generated_files/mcc.o
LOAD build/default/production/mcc_generated_files/pin_manager.o
LOAD build/default/production/mcc_generated_files/uart1.o
LOAD build/default/production/mcc_generated_files/tmr1.o
LOAD build/default/production/main.o
LOAD build/default/production/delay.o
                0x00000001                __MPLAB_BUILD = 0x1
LOAD /tmp/ccbdkQ85.o
LOAD /tmp/cc0R6zw3.o
LOAD /tmp/ccdPawv1.o
LOAD /opt/microchip/xc32/v2.30/bin/bin/../../lib/gcc/pic32mx/4.8.3/../../../../pic32mx/lib/micromips/pic32_software_reset-mm.o
                0x00000400                PROVIDE (_min_stack_size, 0x400)
START GROUP
LOAD /opt/microchip/xc32/v2.30/bin/bin/../../lib/gcc/pic32mx/4.8.3/../../../../pic32mx/lib/./proc/32MM0256GPM064/processor.o
END GROUP
                0x00000001                PROVIDE (_vector_spacing, 0x1)
                0x9d000000                PROVIDE (_ebase_address, 0x9d000000)
                0xbfc00000                _RESET_ADDR = 0xbfc00000
                0xbfc00380                _BEV_EXCPT_ADDR = 0xbfc00380
                0xbfc00480                _DBG_EXCPT_ADDR = 0xbfc00480
                0x9fc00490                _DBG_CODE_ADDR = 0x9fc00490
                0x00000760                _DBG_CODE_SIZE = 0x760
                0x9d000000                _SIMPLE_TLB_REFILL_EXCPT_ADDR = (_ebase_address + 0x0)
                0x9d000180                _GEN_EXCPT_ADDR = (_ebase_address + 0x180)

.config_BFC01744
 *(.config_BFC01744)

.config_BFC01748
 *(.config_BFC01748)

.config_BFC0174C
 *(.config_BFC0174C)

.config_BFC01750
 *(.config_BFC01750)

.config_BFC01754
 *(.config_BFC01754)

.config_BFC01758
 *(.config_BFC01758)

.config_BFC01760
 *(.config_BFC01760)

.config_BFC017C4
 *(.config_BFC017C4)

.config_BFC017C8
 *(.config_BFC017C8)

.config_BFC017CC
 *(.config_BFC017CC)

.config_BFC017D0
 *(.config_BFC017D0)

.config_BFC017D4
 *(.config_BFC017D4)

.config_BFC017D8
 *(.config_BFC017D8)

.config_BFC017E0
 *(.config_BFC017E0)

.reset          0xbfc00000      0x164
 *(.reset)
 .reset         0xbfc00000        0x8 /tmp/ccbdkQ85.o
                0xbfc00001                _reset
 *(.reset.startup)
 .reset.startup
                0xbfc00008      0x15c /tmp/ccbdkQ85.o
                0xbfc00009                _startup

.bev_excpt      0xbfc00380        0xc
 *(.bev_handler)
 .bev_handler   0xbfc00380        0xc /tmp/ccbdkQ85.o

.dbg_excpt      0xbfc00480        0x0
                0xbfc00480                . = (. + DEFINED (_DEBUGGER)?0x8:0x0)

.dbg_code       0x9fc00490        0x0
                0x9fc00490                . = (. + DEFINED (_DEBUGGER)?_DBG_CODE_SIZE:0x0)

.app_excpt      0x9d000180        0xc
 *(.gen_handler)
 .gen_handler   0x9d000180        0xc /tmp/ccbdkQ85.o

.vector_0       0x9d000200        0x8
 *(.vector_0)
 .vector_0      0x9d000200        0x8 /opt/microchip/xc32/v2.30/bin/bin/../../lib/gcc/pic32mx/4.8.3/../../../../pic32mx/lib/micromips/libpic32.a(vector0.o)
                0x9d000201                __vector_dispatch_0
                0x00000001                ASSERT (((_vector_spacing == 0x0) || (SIZEOF (.vector_0) <= (_vector_spacing << 0x3))), function at exception vector 0 too large)

.vector_1       0x9d000208        0x8
 *(.vector_1)
 .vector_1      0x9d000208        0x8 /opt/microchip/xc32/v2.30/bin/bin/../../lib/gcc/pic32mx/4.8.3/../../../../pic32mx/lib/micromips/libpic32.a(vector1.o)
                0x9d000209                __vector_dispatch_1
                0x00000001                ASSERT (((_vector_spacing == 0x0) || (SIZEOF (.vector_1) <= (_vector_spacing << 0x3))), function at exception vector 1 too large)

.vector_2       0x9d000210        0x8
 *(.vector_2)
 .vector_2      0x9d000210        0x8 /opt/microchip/xc32/v2.30/bin/bin/../../lib/gcc/pic32mx/4.8.3/../../../../pic32mx/lib/micromips/libpic32.a(vector2.o)
                0x9d000211                __vector_dispatch_2
                0x00000001                ASSERT (((_vector_spacing == 0x0) || (SIZEOF (.vector_2) <= (_vector_spacing << 0x3))), function at exception vector 2 too large)

.vector_3       0x9d000218        0x8
 *(.vector_3)
 .vector_3      0x9d000218        0x8 /opt/microchip/xc32/v2.30/bin/bin/../../lib/gcc/pic32mx/4.8.3/../../../../pic32mx/lib/micromips/libpic32.a(vector3.o)
                0x9d000219                __vector_dispatch_3
                0x00000001                ASSERT (((_vector_spacing == 0x0) || (SIZEOF (.vector_3) <= (_vector_spacing << 0x3))), function at exception vector 3 too large)

.vector_4       0x9d000220        0x8
 *(.vector_4)
 .vector_4      0x9d000220        0x8 /opt/microchip/xc32/v2.30/bin/bin/../../lib/gcc/pic32mx/4.8.3/../../../../pic32mx/lib/micromips/libpic32.a(vector4.o)
                0x9d000221                __vector_dispatch_4
                0x00000001                ASSERT (((_vector_spacing == 0x0) || (SIZEOF (.vector_4) <= (_vector_spacing << 0x3))), function at exception vector 4 too large)

.vector_5       0x9d000228        0x8
 *(.vector_5)
 .vector_5      0x9d000228        0x8 /opt/microchip/xc32/v2.30/bin/bin/../../lib/gcc/pic32mx/4.8.3/../../../../pic32mx/lib/micromips/libpic32.a(vector5.o)
                0x9d000229                __vector_dispatch_5
                0x00000001                ASSERT (((_vector_spacing == 0x0) || (SIZEOF (.vector_5) <= (_vector_spacing << 0x3))), function at exception vector 5 too large)

.vector_6       0x9d000230        0x8
 *(.vector_6)
 .vector_6      0x9d000230        0x8 /opt/microchip/xc32/v2.30/bin/bin/../../lib/gcc/pic32mx/4.8.3/../../../../pic32mx/lib/micromips/libpic32.a(vector6.o)
                0x9d000231                __vector_dispatch_6
                0x00000001                ASSERT (((_vector_spacing == 0x0) || (SIZEOF (.vector_6) <= (_vector_spacing << 0x3))), function at exception vector 6 too large)

.vector_7       0x9d000238        0x8
 *(.vector_7)
 .vector_7      0x9d000238        0x8 /opt/microchip/xc32/v2.30/bin/bin/../../lib/gcc/pic32mx/4.8.3/../../../../pic32mx/lib/micromips/libpic32.a(vector7.o)
                0x9d000239                __vector_dispatch_7
                0x00000001                ASSERT (((_vector_spacing == 0x0) || (SIZEOF (.vector_7) <= (_vector_spacing << 0x3))), function at exception vector 7 too large)

.vector_8       0x9d000240        0x8
 *(.vector_8)
 .vector_8      0x9d000240        0x8 /opt/microchip/xc32/v2.30/bin/bin/../../lib/gcc/pic32mx/4.8.3/../../../../pic32mx/lib/micromips/libpic32.a(vector8.o)
                0x9d000241                __vector_dispatch_8
                0x00000001                ASSERT (((_vector_spacing == 0x0) || (SIZEOF (.vector_8) <= (_vector_spacing << 0x3))), function at exception vector 8 too large)

.vector_9       0x9d000248        0x8
 *(.vector_9)
 .vector_9      0x9d000248        0x8 /opt/microchip/xc32/v2.30/bin/bin/../../lib/gcc/pic32mx/4.8.3/../../../../pic32mx/lib/micromips/libpic32.a(vector9.o)
                0x9d000249                __vector_dispatch_9
                0x00000001                ASSERT (((_vector_spacing == 0x0) || (SIZEOF (.vector_9) <= (_vector_spacing << 0x3))), function at exception vector 9 too large)

.vector_10      0x9d000250        0x8
 *(.vector_10)
 .vector_10     0x9d000250        0x8 /opt/microchip/xc32/v2.30/bin/bin/../../lib/gcc/pic32mx/4.8.3/../../../../pic32mx/lib/micromips/libpic32.a(vector10.o)
                0x9d000251                __vector_dispatch_10
                0x00000001                ASSERT (((_vector_spacing == 0x0) || (SIZEOF (.vector_10) <= (_vector_spacing << 0x3))), function at exception vector 10 too large)

.vector_11      0x9d000258        0x8
 *(.vector_11)
 .vector_11     0x9d000258        0x8 /opt/microchip/xc32/v2.30/bin/bin/../../lib/gcc/pic32mx/4.8.3/../../../../pic32mx/lib/micromips/libpic32.a(vector11.o)
                0x9d000259                __vector_dispatch_11
                0x00000001                ASSERT (((_vector_spacing == 0x0) || (SIZEOF (.vector_11) <= (_vector_spacing << 0x3))), function at exception vector 11 too large)

.vector_12      0x9d000260        0x8
 *(.vector_12)
 .vector_12     0x9d000260        0x8 /opt/microchip/xc32/v2.30/bin/bin/../../lib/gcc/pic32mx/4.8.3/../../../../pic32mx/lib/micromips/libpic32.a(vector12.o)
                0x9d000261                __vector_dispatch_12
                0x00000001                ASSERT (((_vector_spacing == 0x0) || (SIZEOF (.vector_12) <= (_vector_spacing << 0x3))), function at exception vector 12 too large)

.vector_13      0x9d000268        0x8
 *(.vector_13)
 .vector_13     0x9d000268        0x8 /opt/microchip/xc32/v2.30/bin/bin/../../lib/gcc/pic32mx/4.8.3/../../../../pic32mx/lib/micromips/libpic32.a(vector13.o)
                0x9d000269                __vector_dispatch_13
                0x00000001                ASSERT (((_vector_spacing == 0x0) || (SIZEOF (.vector_13) <= (_vector_spacing << 0x3))), function at exception vector 13 too large)

.vector_14      0x9d000270        0x8
 *(.vector_14)
 .vector_14     0x9d000270        0x8 /opt/microchip/xc32/v2.30/bin/bin/../../lib/gcc/pic32mx/4.8.3/../../../../pic32mx/lib/micromips/libpic32.a(vector14.o)
                0x9d000271                __vector_dispatch_14
                0x00000001                ASSERT (((_vector_spacing == 0x0) || (SIZEOF (.vector_14) <= (_vector_spacing << 0x3))), function at exception vector 14 too large)

.vector_15      0x9d000278        0x8
 *(.vector_15)
 .vector_15     0x9d000278        0x8 /opt/microchip/xc32/v2.30/bin/bin/../../lib/gcc/pic32mx/4.8.3/../../../../pic32mx/lib/micromips/libpic32.a(vector15.o)
                0x9d000279                __vector_dispatch_15
                0x00000001                ASSERT (((_vector_spacing == 0x0) || (SIZEOF (.vector_15) <= (_vector_spacing << 0x3))), function at exception vector 15 too large)

.vector_16      0x9d000280        0x8
 *(.vector_16)
 .vector_16     0x9d000280        0x8 /opt/microchip/xc32/v2.30/bin/bin/../../lib/gcc/pic32mx/4.8.3/../../../../pic32mx/lib/micromips/libpic32.a(vector16.o)
                0x9d000281                __vector_dispatch_16
                0x00000001                ASSERT (((_vector_spacing == 0x0) || (SIZEOF (.vector_16) <= (_vector_spacing << 0x3))), function at exception vector 16 too large)

.vector_17      0x9d000288        0x8
 *(.vector_17)
 .vector_17     0x9d000288        0x8 build/default/production/mcc_generated_files/tmr1.o
                0x9d000289                __vector_dispatch_17
                0x00000001                ASSERT (((_vector_spacing == 0x0) || (SIZEOF (.vector_17) <= (_vector_spacing << 0x3))), function at exception vector 17 too large)

.vector_18      0x9d000290        0x8
 *(.vector_18)
 .vector_18     0x9d000290        0x8 /opt/microchip/xc32/v2.30/bin/bin/../../lib/gcc/pic32mx/4.8.3/../../../../pic32mx/lib/micromips/libpic32.a(vector18.o)
                0x9d000291                __vector_dispatch_18
                0x00000001                ASSERT (((_vector_spacing == 0x0) || (SIZEOF (.vector_18) <= (_vector_spacing << 0x3))), function at exception vector 18 too large)

.vector_19      0x9d000298        0x8
 *(.vector_19)
 .vector_19     0x9d000298        0x8 /opt/microchip/xc32/v2.30/bin/bin/../../lib/gcc/pic32mx/4.8.3/../../../../pic32mx/lib/micromips/libpic32.a(vector19.o)
                0x9d000299                __vector_dispatch_19
                0x00000001                ASSERT (((_vector_spacing == 0x0) || (SIZEOF (.vector_19) <= (_vector_spacing << 0x3))), function at exception vector 19 too large)

.vector_20      0x9d0002a0        0x8
 *(.vector_20)
 .vector_20     0x9d0002a0        0x8 /opt/microchip/xc32/v2.30/bin/bin/../../lib/gcc/pic32mx/4.8.3/../../../../pic32mx/lib/micromips/libpic32.a(vector20.o)
                0x9d0002a1                __vector_dispatch_20
                0x00000001                ASSERT (((_vector_spacing == 0x0) || (SIZEOF (.vector_20) <= (_vector_spacing << 0x3))), function at exception vector 20 too large)

.vector_21      0x9d0002a8        0x8
 *(.vector_21)
 .vector_21     0x9d0002a8        0x8 /opt/microchip/xc32/v2.30/bin/bin/../../lib/gcc/pic32mx/4.8.3/../../../../pic32mx/lib/micromips/libpic32.a(vector21.o)
                0x9d0002a9                __vector_dispatch_21
                0x00000001                ASSERT (((_vector_spacing == 0x0) || (SIZEOF (.vector_21) <= (_vector_spacing << 0x3))), function at exception vector 21 too large)

.vector_22      0x9d0002b0        0x8
 *(.vector_22)
 .vector_22     0x9d0002b0        0x8 /opt/microchip/xc32/v2.30/bin/bin/../../lib/gcc/pic32mx/4.8.3/../../../../pic32mx/lib/micromips/libpic32.a(vector22.o)
                0x9d0002b1                __vector_dispatch_22
                0x00000001                ASSERT (((_vector_spacing == 0x0) || (SIZEOF (.vector_22) <= (_vector_spacing << 0x3))), function at exception vector 22 too large)

.vector_23      0x9d0002b8        0x8
 *(.vector_23)
 .vector_23     0x9d0002b8        0x8 /opt/microchip/xc32/v2.30/bin/bin/../../lib/gcc/pic32mx/4.8.3/../../../../pic32mx/lib/micromips/libpic32.a(vector23.o)
                0x9d0002b9                __vector_dispatch_23
                0x00000001                ASSERT (((_vector_spacing == 0x0) || (SIZEOF (.vector_23) <= (_vector_spacing << 0x3))), function at exception vector 23 too large)

.vector_24      0x9d0002c0        0x8
 *(.vector_24)
 .vector_24     0x9d0002c0        0x8 /opt/microchip/xc32/v2.30/bin/bin/../../lib/gcc/pic32mx/4.8.3/../../../../pic32mx/lib/micromips/libpic32.a(vector24.o)
                0x9d0002c1                __vector_dispatch_24
                0x00000001                ASSERT (((_vector_spacing == 0x0) || (SIZEOF (.vector_24) <= (_vector_spacing << 0x3))), function at exception vector 24 too large)

.vector_25      0x9d0002c8        0x8
 *(.vector_25)
 .vector_25     0x9d0002c8        0x8 /opt/microchip/xc32/v2.30/bin/bin/../../lib/gcc/pic32mx/4.8.3/../../../../pic32mx/lib/micromips/libpic32.a(vector25.o)
                0x9d0002c9                __vector_dispatch_25
                0x00000001                ASSERT (((_vector_spacing == 0x0) || (SIZEOF (.vector_25) <= (_vector_spacing << 0x3))), function at exception vector 25 too large)

.vector_26      0x9d0002d0        0x8
 *(.vector_26)
 .vector_26     0x9d0002d0        0x8 /opt/microchip/xc32/v2.30/bin/bin/../../lib/gcc/pic32mx/4.8.3/../../../../pic32mx/lib/micromips/libpic32.a(vector26.o)
                0x9d0002d1                __vector_dispatch_26
                0x00000001                ASSERT (((_vector_spacing == 0x0) || (SIZEOF (.vector_26) <= (_vector_spacing << 0x3))), function at exception vector 26 too large)

.vector_27      0x9d0002d8        0x8
 *(.vector_27)
 .vector_27     0x9d0002d8        0x8 /opt/microchip/xc32/v2.30/bin/bin/../../lib/gcc/pic32mx/4.8.3/../../../../pic32mx/lib/micromips/libpic32.a(vector27.o)
                0x9d0002d9                __vector_dispatch_27
                0x00000001                ASSERT (((_vector_spacing == 0x0) || (SIZEOF (.vector_27) <= (_vector_spacing << 0x3))), function at exception vector 27 too large)

.vector_28      0x9d0002e0        0x8
 *(.vector_28)
 .vector_28     0x9d0002e0        0x8 /opt/microchip/xc32/v2.30/bin/bin/../../lib/gcc/pic32mx/4.8.3/../../../../pic32mx/lib/micromips/libpic32.a(vector28.o)
                0x9d0002e1                __vector_dispatch_28
                0x00000001                ASSERT (((_vector_spacing == 0x0) || (SIZEOF (.vector_28) <= (_vector_spacing << 0x3))), function at exception vector 28 too large)

.vector_29      0x9d0002e8        0x8
 *(.vector_29)
 .vector_29     0x9d0002e8        0x8 /opt/microchip/xc32/v2.30/bin/bin/../../lib/gcc/pic32mx/4.8.3/../../../../pic32mx/lib/micromips/libpic32.a(vector29.o)
                0x9d0002e9                __vector_dispatch_29
                0x00000001                ASSERT (((_vector_spacing == 0x0) || (SIZEOF (.vector_29) <= (_vector_spacing << 0x3))), function at exception vector 29 too large)

.vector_30      0x9d0002f0        0x8
 *(.vector_30)
 .vector_30     0x9d0002f0        0x8 /opt/microchip/xc32/v2.30/bin/bin/../../lib/gcc/pic32mx/4.8.3/../../../../pic32mx/lib/micromips/libpic32.a(vector30.o)
                0x9d0002f1                __vector_dispatch_30
                0x00000001                ASSERT (((_vector_spacing == 0x0) || (SIZEOF (.vector_30) <= (_vector_spacing << 0x3))), function at exception vector 30 too large)

.vector_31      0x9d0002f8        0x8
 *(.vector_31)
 .vector_31     0x9d0002f8        0x8 /opt/microchip/xc32/v2.30/bin/bin/../../lib/gcc/pic32mx/4.8.3/../../../../pic32mx/lib/micromips/libpic32.a(vector31.o)
                0x9d0002f9                __vector_dispatch_31
                0x00000001                ASSERT (((_vector_spacing == 0x0) || (SIZEOF (.vector_31) <= (_vector_spacing << 0x3))), function at exception vector 31 too large)

.vector_32      0x9d000300        0x8
 *(.vector_32)
 .vector_32     0x9d000300        0x8 /opt/microchip/xc32/v2.30/bin/bin/../../lib/gcc/pic32mx/4.8.3/../../../../pic32mx/lib/micromips/libpic32.a(vector32.o)
                0x9d000301                __vector_dispatch_32
                0x00000001                ASSERT (((_vector_spacing == 0x0) || (SIZEOF (.vector_32) <= (_vector_spacing << 0x3))), function at exception vector 32 too large)

.vector_33      0x9d000308        0x8
 *(.vector_33)
 .vector_33     0x9d000308        0x8 /opt/microchip/xc32/v2.30/bin/bin/../../lib/gcc/pic32mx/4.8.3/../../../../pic32mx/lib/micromips/libpic32.a(vector33.o)
                0x9d000309                __vector_dispatch_33
                0x00000001                ASSERT (((_vector_spacing == 0x0) || (SIZEOF (.vector_33) <= (_vector_spacing << 0x3))), function at exception vector 33 too large)

.vector_34      0x9d000310        0x8
 *(.vector_34)
 .vector_34     0x9d000310        0x8 /opt/microchip/xc32/v2.30/bin/bin/../../lib/gcc/pic32mx/4.8.3/../../../../pic32mx/lib/micromips/libpic32.a(vector34.o)
                0x9d000311                __vector_dispatch_34
                0x00000001                ASSERT (((_vector_spacing == 0x0) || (SIZEOF (.vector_34) <= (_vector_spacing << 0x3))), function at exception vector 34 too large)

.vector_35      0x9d000318        0x8
 *(.vector_35)
 .vector_35     0x9d000318        0x8 /opt/microchip/xc32/v2.30/bin/bin/../../lib/gcc/pic32mx/4.8.3/../../../../pic32mx/lib/micromips/libpic32.a(vector35.o)
                0x9d000319                __vector_dispatch_35
                0x00000001                ASSERT (((_vector_spacing == 0x0) || (SIZEOF (.vector_35) <= (_vector_spacing << 0x3))), function at exception vector 35 too large)

.vector_36      0x9d000320        0x8
 *(.vector_36)
 .vector_36     0x9d000320        0x8 /opt/microchip/xc32/v2.30/bin/bin/../../lib/gcc/pic32mx/4.8.3/../../../../pic32mx/lib/micromips/libpic32.a(vector36.o)
                0x9d000321                __vector_dispatch_36
                0x00000001                ASSERT (((_vector_spacing == 0x0) || (SIZEOF (.vector_36) <= (_vector_spacing << 0x3))), function at exception vector 36 too large)

.vector_37      0x9d000328        0x8
 *(.vector_37)
 .vector_37     0x9d000328        0x8 /opt/microchip/xc32/v2.30/bin/bin/../../lib/gcc/pic32mx/4.8.3/../../../../pic32mx/lib/micromips/libpic32.a(vector37.o)
                0x9d000329                __vector_dispatch_37
                0x00000001                ASSERT (((_vector_spacing == 0x0) || (SIZEOF (.vector_37) <= (_vector_spacing << 0x3))), function at exception vector 37 too large)

.vector_38      0x9d000330        0x8
 *(.vector_38)
 .vector_38     0x9d000330        0x8 /opt/microchip/xc32/v2.30/bin/bin/../../lib/gcc/pic32mx/4.8.3/../../../../pic32mx/lib/micromips/libpic32.a(vector38.o)
                0x9d000331                __vector_dispatch_38
                0x00000001                ASSERT (((_vector_spacing == 0x0) || (SIZEOF (.vector_38) <= (_vector_spacing << 0x3))), function at exception vector 38 too large)

.vector_39      0x9d000338        0x8
 *(.vector_39)
 .vector_39     0x9d000338        0x8 /opt/microchip/xc32/v2.30/bin/bin/../../lib/gcc/pic32mx/4.8.3/../../../../pic32mx/lib/micromips/libpic32.a(vector39.o)
                0x9d000339                __vector_dispatch_39
                0x00000001                ASSERT (((_vector_spacing == 0x0) || (SIZEOF (.vector_39) <= (_vector_spacing << 0x3))), function at exception vector 39 too large)

.vector_40      0x9d000340        0x8
 *(.vector_40)
 .vector_40     0x9d000340        0x8 /opt/microchip/xc32/v2.30/bin/bin/../../lib/gcc/pic32mx/4.8.3/../../../../pic32mx/lib/micromips/libpic32.a(vector40.o)
                0x9d000341                __vector_dispatch_40
                0x00000001                ASSERT (((_vector_spacing == 0x0) || (SIZEOF (.vector_40) <= (_vector_spacing << 0x3))), function at exception vector 40 too large)

.vector_41      0x9d000348        0x8
 *(.vector_41)
 .vector_41     0x9d000348        0x8 /opt/microchip/xc32/v2.30/bin/bin/../../lib/gcc/pic32mx/4.8.3/../../../../pic32mx/lib/micromips/libpic32.a(vector41.o)
                0x9d000349                __vector_dispatch_41
                0x00000001                ASSERT (((_vector_spacing == 0x0) || (SIZEOF (.vector_41) <= (_vector_spacing << 0x3))), function at exception vector 41 too large)

.vector_42      0x9d000350        0x8
 *(.vector_42)
 .vector_42     0x9d000350        0x8 /opt/microchip/xc32/v2.30/bin/bin/../../lib/gcc/pic32mx/4.8.3/../../../../pic32mx/lib/micromips/libpic32.a(vector42.o)
                0x9d000351                __vector_dispatch_42
                0x00000001                ASSERT (((_vector_spacing == 0x0) || (SIZEOF (.vector_42) <= (_vector_spacing << 0x3))), function at exception vector 42 too large)

.vector_43      0x9d000358        0x8
 *(.vector_43)
 .vector_43     0x9d000358        0x8 /opt/microchip/xc32/v2.30/bin/bin/../../lib/gcc/pic32mx/4.8.3/../../../../pic32mx/lib/micromips/libpic32.a(vector43.o)
                0x9d000359                __vector_dispatch_43
                0x00000001                ASSERT (((_vector_spacing == 0x0) || (SIZEOF (.vector_43) <= (_vector_spacing << 0x3))), function at exception vector 43 too large)

.vector_44      0x9d000360        0x8
 *(.vector_44)
 .vector_44     0x9d000360        0x8 /opt/microchip/xc32/v2.30/bin/bin/../../lib/gcc/pic32mx/4.8.3/../../../../pic32mx/lib/micromips/libpic32.a(vector44.o)
                0x9d000361                __vector_dispatch_44
                0x00000001                ASSERT (((_vector_spacing == 0x0) || (SIZEOF (.vector_44) <= (_vector_spacing << 0x3))), function at exception vector 44 too large)

.vector_45      0x9d000368        0x8
 *(.vector_45)
 .vector_45     0x9d000368        0x8 /opt/microchip/xc32/v2.30/bin/bin/../../lib/gcc/pic32mx/4.8.3/../../../../pic32mx/lib/micromips/libpic32.a(vector45.o)
                0x9d000369                __vector_dispatch_45
                0x00000001                ASSERT (((_vector_spacing == 0x0) || (SIZEOF (.vector_45) <= (_vector_spacing << 0x3))), function at exception vector 45 too large)

.vector_46      0x9d000370        0x8
 *(.vector_46)
 .vector_46     0x9d000370        0x8 /opt/microchip/xc32/v2.30/bin/bin/../../lib/gcc/pic32mx/4.8.3/../../../../pic32mx/lib/micromips/libpic32.a(vector46.o)
                0x9d000371                __vector_dispatch_46
                0x00000001                ASSERT (((_vector_spacing == 0x0) || (SIZEOF (.vector_46) <= (_vector_spacing << 0x3))), function at exception vector 46 too large)

.vector_47      0x9d000378        0x8
 *(.vector_47)
 .vector_47     0x9d000378        0x8 /opt/microchip/xc32/v2.30/bin/bin/../../lib/gcc/pic32mx/4.8.3/../../../../pic32mx/lib/micromips/libpic32.a(vector47.o)
                0x9d000379                __vector_dispatch_47
                0x00000001                ASSERT (((_vector_spacing == 0x0) || (SIZEOF (.vector_47) <= (_vector_spacing << 0x3))), function at exception vector 47 too large)

.vector_48      0x9d000380        0x8
 *(.vector_48)
 .vector_48     0x9d000380        0x8 /opt/microchip/xc32/v2.30/bin/bin/../../lib/gcc/pic32mx/4.8.3/../../../../pic32mx/lib/micromips/libpic32.a(vector48.o)
                0x9d000381                __vector_dispatch_48
                0x00000001                ASSERT (((_vector_spacing == 0x0) || (SIZEOF (.vector_48) <= (_vector_spacing << 0x3))), function at exception vector 48 too large)

.vector_49      0x9d000388        0x8
 *(.vector_49)
 .vector_49     0x9d000388        0x8 /opt/microchip/xc32/v2.30/bin/bin/../../lib/gcc/pic32mx/4.8.3/../../../../pic32mx/lib/micromips/libpic32.a(vector49.o)
                0x9d000389                __vector_dispatch_49
                0x00000001                ASSERT (((_vector_spacing == 0x0) || (SIZEOF (.vector_49) <= (_vector_spacing << 0x3))), function at exception vector 49 too large)

.vector_50      0x9d000390        0x8
 *(.vector_50)
 .vector_50     0x9d000390        0x8 /opt/microchip/xc32/v2.30/bin/bin/../../lib/gcc/pic32mx/4.8.3/../../../../pic32mx/lib/micromips/libpic32.a(vector50.o)
                0x9d000391                __vector_dispatch_50
                0x00000001                ASSERT (((_vector_spacing == 0x0) || (SIZEOF (.vector_50) <= (_vector_spacing << 0x3))), function at exception vector 50 too large)

.vector_51      0x9d000398        0x8
 *(.vector_51)
 .vector_51     0x9d000398        0x8 /opt/microchip/xc32/v2.30/bin/bin/../../lib/gcc/pic32mx/4.8.3/../../../../pic32mx/lib/micromips/libpic32.a(vector51.o)
                0x9d000399                __vector_dispatch_51
                0x00000001                ASSERT (((_vector_spacing == 0x0) || (SIZEOF (.vector_51) <= (_vector_spacing << 0x3))), function at exception vector 51 too large)

.vector_52      0x9d0003a0        0x8
 *(.vector_52)
 .vector_52     0x9d0003a0        0x8 /opt/microchip/xc32/v2.30/bin/bin/../../lib/gcc/pic32mx/4.8.3/../../../../pic32mx/lib/micromips/libpic32.a(vector52.o)
                0x9d0003a1                __vector_dispatch_52
                0x00000001                ASSERT (((_vector_spacing == 0x0) || (SIZEOF (.vector_52) <= (_vector_spacing << 0x3))), function at exception vector 52 too large)

.vector_53      0x9d0003a8        0x8
 *(.vector_53)
 .vector_53     0x9d0003a8        0x8 /opt/microchip/xc32/v2.30/bin/bin/../../lib/gcc/pic32mx/4.8.3/../../../../pic32mx/lib/micromips/libpic32.a(vector53.o)
                0x9d0003a9                __vector_dispatch_53
                0x00000001                ASSERT (((_vector_spacing == 0x0) || (SIZEOF (.vector_53) <= (_vector_spacing << 0x3))), function at exception vector 53 too large)

.vector_54      0x9d0003b0        0x8
 *(.vector_54)
 .vector_54     0x9d0003b0        0x8 /opt/microchip/xc32/v2.30/bin/bin/../../lib/gcc/pic32mx/4.8.3/../../../../pic32mx/lib/micromips/libpic32.a(vector54.o)
                0x9d0003b1                __vector_dispatch_54
                0x00000001                ASSERT (((_vector_spacing == 0x0) || (SIZEOF (.vector_54) <= (_vector_spacing << 0x3))), function at exception vector 54 too large)

.vector_55      0x9d0003b8        0x8
 *(.vector_55)
 .vector_55     0x9d0003b8        0x8 /opt/microchip/xc32/v2.30/bin/bin/../../lib/gcc/pic32mx/4.8.3/../../../../pic32mx/lib/micromips/libpic32.a(vector55.o)
                0x9d0003b9                __vector_dispatch_55
                0x00000001                ASSERT (((_vector_spacing == 0x0) || (SIZEOF (.vector_55) <= (_vector_spacing << 0x3))), function at exception vector 55 too large)

.vector_56      0x9d0003c0        0x8
 *(.vector_56)
 .vector_56     0x9d0003c0        0x8 /opt/microchip/xc32/v2.30/bin/bin/../../lib/gcc/pic32mx/4.8.3/../../../../pic32mx/lib/micromips/libpic32.a(vector56.o)
                0x9d0003c1                __vector_dispatch_56
                0x00000001                ASSERT (((_vector_spacing == 0x0) || (SIZEOF (.vector_56) <= (_vector_spacing << 0x3))), function at exception vector 56 too large)

.vector_57      0x9d0003c8        0x8
 *(.vector_57)
 .vector_57     0x9d0003c8        0x8 /opt/microchip/xc32/v2.30/bin/bin/../../lib/gcc/pic32mx/4.8.3/../../../../pic32mx/lib/micromips/libpic32.a(vector57.o)
                0x9d0003c9                __vector_dispatch_57
                0x00000001                ASSERT (((_vector_spacing == 0x0) || (SIZEOF (.vector_57) <= (_vector_spacing << 0x3))), function at exception vector 57 too large)

.vector_58      0x9d0003d0        0x8
 *(.vector_58)
 .vector_58     0x9d0003d0        0x8 /opt/microchip/xc32/v2.30/bin/bin/../../lib/gcc/pic32mx/4.8.3/../../../../pic32mx/lib/micromips/libpic32.a(vector58.o)
                0x9d0003d1                __vector_dispatch_58
                0x00000001                ASSERT (((_vector_spacing == 0x0) || (SIZEOF (.vector_58) <= (_vector_spacing << 0x3))), function at exception vector 58 too large)

.vector_59      0x9d0003d8        0x8
 *(.vector_59)
 .vector_59     0x9d0003d8        0x8 /opt/microchip/xc32/v2.30/bin/bin/../../lib/gcc/pic32mx/4.8.3/../../../../pic32mx/lib/micromips/libpic32.a(vector59.o)
                0x9d0003d9                __vector_dispatch_59
                0x00000001                ASSERT (((_vector_spacing == 0x0) || (SIZEOF (.vector_59) <= (_vector_spacing << 0x3))), function at exception vector 59 too large)

.vector_60      0x9d0003e0        0x8
 *(.vector_60)
 .vector_60     0x9d0003e0        0x8 /opt/microchip/xc32/v2.30/bin/bin/../../lib/gcc/pic32mx/4.8.3/../../../../pic32mx/lib/micromips/libpic32.a(vector60.o)
                0x9d0003e1                __vector_dispatch_60
                0x00000001                ASSERT (((_vector_spacing == 0x0) || (SIZEOF (.vector_60) <= (_vector_spacing << 0x3))), function at exception vector 60 too large)

.vector_61      0x9d0003e8        0x8
 *(.vector_61)
 .vector_61     0x9d0003e8        0x8 /opt/microchip/xc32/v2.30/bin/bin/../../lib/gcc/pic32mx/4.8.3/../../../../pic32mx/lib/micromips/libpic32.a(vector61.o)
                0x9d0003e9                __vector_dispatch_61
                0x00000001                ASSERT (((_vector_spacing == 0x0) || (SIZEOF (.vector_61) <= (_vector_spacing << 0x3))), function at exception vector 61 too large)

.vector_62      0x9d0003f0        0x8
 *(.vector_62)
 .vector_62     0x9d0003f0        0x8 /opt/microchip/xc32/v2.30/bin/bin/../../lib/gcc/pic32mx/4.8.3/../../../../pic32mx/lib/micromips/libpic32.a(vector62.o)
                0x9d0003f1                __vector_dispatch_62
                0x00000001                ASSERT (((_vector_spacing == 0x0) || (SIZEOF (.vector_62) <= (_vector_spacing << 0x3))), function at exception vector 62 too large)

.vector_63      0x9d0003f8        0x8
 *(.vector_63)
 .vector_63     0x9d0003f8        0x8 /opt/microchip/xc32/v2.30/bin/bin/../../lib/gcc/pic32mx/4.8.3/../../../../pic32mx/lib/micromips/libpic32.a(vector63.o)
                0x9d0003f9                __vector_dispatch_63
                0x00000001                ASSERT (((_vector_spacing == 0x0) || (SIZEOF (.vector_63) <= (_vector_spacing << 0x3))), function at exception vector 63 too large)

.vector_64      0x9d000400        0x8
 *(.vector_64)
 .vector_64     0x9d000400        0x8 /opt/microchip/xc32/v2.30/bin/bin/../../lib/gcc/pic32mx/4.8.3/../../../../pic32mx/lib/micromips/libpic32.a(vector64.o)
                0x9d000401                __vector_dispatch_64
                0x00000001                ASSERT (((_vector_spacing == 0x0) || (SIZEOF (.vector_64) <= (_vector_spacing << 0x3))), function at exception vector 64 too large)

.vector_65      0x9d000408        0x8
 *(.vector_65)
 .vector_65     0x9d000408        0x8 /opt/microchip/xc32/v2.30/bin/bin/../../lib/gcc/pic32mx/4.8.3/../../../../pic32mx/lib/micromips/libpic32.a(vector65.o)
                0x9d000409                __vector_dispatch_65
                0x00000001                ASSERT (((_vector_spacing == 0x0) || (SIZEOF (.vector_65) <= (_vector_spacing << 0x3))), function at exception vector 65 too large)

.vector_66      0x9d000410        0x8
 *(.vector_66)
 .vector_66     0x9d000410        0x8 /opt/microchip/xc32/v2.30/bin/bin/../../lib/gcc/pic32mx/4.8.3/../../../../pic32mx/lib/micromips/libpic32.a(vector66.o)
                0x9d000411                __vector_dispatch_66
                0x00000001                ASSERT (((_vector_spacing == 0x0) || (SIZEOF (.vector_66) <= (_vector_spacing << 0x3))), function at exception vector 66 too large)

.vector_67      0x9d000418        0x8
 *(.vector_67)
 .vector_67     0x9d000418        0x8 /opt/microchip/xc32/v2.30/bin/bin/../../lib/gcc/pic32mx/4.8.3/../../../../pic32mx/lib/micromips/libpic32.a(vector67.o)
                0x9d000419                __vector_dispatch_67
                0x00000001                ASSERT (((_vector_spacing == 0x0) || (SIZEOF (.vector_67) <= (_vector_spacing << 0x3))), function at exception vector 67 too large)

.vector_68      0x9d000420        0x8
 *(.vector_68)
 .vector_68     0x9d000420        0x8 /opt/microchip/xc32/v2.30/bin/bin/../../lib/gcc/pic32mx/4.8.3/../../../../pic32mx/lib/micromips/libpic32.a(vector68.o)
                0x9d000421                __vector_dispatch_68
                0x00000001                ASSERT (((_vector_spacing == 0x0) || (SIZEOF (.vector_68) <= (_vector_spacing << 0x3))), function at exception vector 68 too large)

.vector_69      0x9d000428        0x8
 *(.vector_69)
 .vector_69     0x9d000428        0x8 /opt/microchip/xc32/v2.30/bin/bin/../../lib/gcc/pic32mx/4.8.3/../../../../pic32mx/lib/micromips/libpic32.a(vector69.o)
                0x9d000429                __vector_dispatch_69
                0x00000001                ASSERT (((_vector_spacing == 0x0) || (SIZEOF (.vector_69) <= (_vector_spacing << 0x3))), function at exception vector 69 too large)

.vector_70      0x9d000430        0x8
 *(.vector_70)
 .vector_70     0x9d000430        0x8 /opt/microchip/xc32/v2.30/bin/bin/../../lib/gcc/pic32mx/4.8.3/../../../../pic32mx/lib/micromips/libpic32.a(vector70.o)
                0x9d000431                __vector_dispatch_70
                0x00000001                ASSERT (((_vector_spacing == 0x0) || (SIZEOF (.vector_70) <= (_vector_spacing << 0x3))), function at exception vector 70 too large)

.vector_71      0x9d000438        0x8
 *(.vector_71)
 .vector_71     0x9d000438        0x8 /opt/microchip/xc32/v2.30/bin/bin/../../lib/gcc/pic32mx/4.8.3/../../../../pic32mx/lib/micromips/libpic32.a(vector71.o)
                0x9d000439                __vector_dispatch_71
                0x00000001                ASSERT (((_vector_spacing == 0x0) || (SIZEOF (.vector_71) <= (_vector_spacing << 0x3))), function at exception vector 71 too large)

.vector_72      0x9d000440        0x8
 *(.vector_72)
 .vector_72     0x9d000440        0x8 /opt/microchip/xc32/v2.30/bin/bin/../../lib/gcc/pic32mx/4.8.3/../../../../pic32mx/lib/micromips/libpic32.a(vector72.o)
                0x9d000441                __vector_dispatch_72
                0x00000001                ASSERT (((_vector_spacing == 0x0) || (SIZEOF (.vector_72) <= (_vector_spacing << 0x3))), function at exception vector 72 too large)

.vector_73      0x9d000448        0x8
 *(.vector_73)
 .vector_73     0x9d000448        0x8 /opt/microchip/xc32/v2.30/bin/bin/../../lib/gcc/pic32mx/4.8.3/../../../../pic32mx/lib/micromips/libpic32.a(vector73.o)
                0x9d000449                __vector_dispatch_73
                0x00000001                ASSERT (((_vector_spacing == 0x0) || (SIZEOF (.vector_73) <= (_vector_spacing << 0x3))), function at exception vector 73 too large)

.vector_74      0x9d000450        0x8
 *(.vector_74)
 .vector_74     0x9d000450        0x8 /opt/microchip/xc32/v2.30/bin/bin/../../lib/gcc/pic32mx/4.8.3/../../../../pic32mx/lib/micromips/libpic32.a(vector74.o)
                0x9d000451                __vector_dispatch_74
                0x00000001                ASSERT (((_vector_spacing == 0x0) || (SIZEOF (.vector_74) <= (_vector_spacing << 0x3))), function at exception vector 74 too large)

.vector_75      0x9d000458        0x8
 *(.vector_75)
 .vector_75     0x9d000458        0x8 /opt/microchip/xc32/v2.30/bin/bin/../../lib/gcc/pic32mx/4.8.3/../../../../pic32mx/lib/micromips/libpic32.a(vector75.o)
                0x9d000459                __vector_dispatch_75
                0x00000001                ASSERT (((_vector_spacing == 0x0) || (SIZEOF (.vector_75) <= (_vector_spacing << 0x3))), function at exception vector 75 too large)

.vector_76      0x9d000460        0x8
 *(.vector_76)
 .vector_76     0x9d000460        0x8 /opt/microchip/xc32/v2.30/bin/bin/../../lib/gcc/pic32mx/4.8.3/../../../../pic32mx/lib/micromips/libpic32.a(vector76.o)
                0x9d000461                __vector_dispatch_76
                0x00000001                ASSERT (((_vector_spacing == 0x0) || (SIZEOF (.vector_76) <= (_vector_spacing << 0x3))), function at exception vector 76 too large)

.vector_77      0x9d000468        0x8
 *(.vector_77)
 .vector_77     0x9d000468        0x8 /opt/microchip/xc32/v2.30/bin/bin/../../lib/gcc/pic32mx/4.8.3/../../../../pic32mx/lib/micromips/libpic32.a(vector77.o)
                0x9d000469                __vector_dispatch_77
                0x00000001                ASSERT (((_vector_spacing == 0x0) || (SIZEOF (.vector_77) <= (_vector_spacing << 0x3))), function at exception vector 77 too large)

.vector_78      0x9d000470        0x8
 *(.vector_78)
 .vector_78     0x9d000470        0x8 /opt/microchip/xc32/v2.30/bin/bin/../../lib/gcc/pic32mx/4.8.3/../../../../pic32mx/lib/micromips/libpic32.a(vector78.o)
                0x9d000471                __vector_dispatch_78
                0x00000001                ASSERT (((_vector_spacing == 0x0) || (SIZEOF (.vector_78) <= (_vector_spacing << 0x3))), function at exception vector 78 too large)

.vector_79      0x9d000478        0x8
 *(.vector_79)
 .vector_79     0x9d000478        0x8 /opt/microchip/xc32/v2.30/bin/bin/../../lib/gcc/pic32mx/4.8.3/../../../../pic32mx/lib/micromips/libpic32.a(vector79.o)
                0x9d000479                __vector_dispatch_79
                0x00000001                ASSERT (((_vector_spacing == 0x0) || (SIZEOF (.vector_79) <= (_vector_spacing << 0x3))), function at exception vector 79 too large)

.vector_80      0x9d000480        0x8
 *(.vector_80)
 .vector_80     0x9d000480        0x8 /opt/microchip/xc32/v2.30/bin/bin/../../lib/gcc/pic32mx/4.8.3/../../../../pic32mx/lib/micromips/libpic32.a(vector80.o)
                0x9d000481                __vector_dispatch_80
                0x00000001                ASSERT (((_vector_spacing == 0x0) || (SIZEOF (.vector_80) <= (_vector_spacing << 0x3))), function at exception vector 80 too large)

.vector_81      0x9d000488        0x8
 *(.vector_81)
 .vector_81     0x9d000488        0x8 /opt/microchip/xc32/v2.30/bin/bin/../../lib/gcc/pic32mx/4.8.3/../../../../pic32mx/lib/micromips/libpic32.a(vector81.o)
                0x9d000489                __vector_dispatch_81
                0x00000001                ASSERT (((_vector_spacing == 0x0) || (SIZEOF (.vector_81) <= (_vector_spacing << 0x3))), function at exception vector 81 too large)

.vector_82      0x9d000490        0x8
 *(.vector_82)
 .vector_82     0x9d000490        0x8 /opt/microchip/xc32/v2.30/bin/bin/../../lib/gcc/pic32mx/4.8.3/../../../../pic32mx/lib/micromips/libpic32.a(vector82.o)
                0x9d000491                __vector_dispatch_82
                0x00000001                ASSERT (((_vector_spacing == 0x0) || (SIZEOF (.vector_82) <= (_vector_spacing << 0x3))), function at exception vector 82 too large)

.vector_83      0x9d000498        0x8
 *(.vector_83)
 .vector_83     0x9d000498        0x8 /opt/microchip/xc32/v2.30/bin/bin/../../lib/gcc/pic32mx/4.8.3/../../../../pic32mx/lib/micromips/libpic32.a(vector83.o)
                0x9d000499                __vector_dispatch_83
                0x00000001                ASSERT (((_vector_spacing == 0x0) || (SIZEOF (.vector_83) <= (_vector_spacing << 0x3))), function at exception vector 83 too large)

.vector_84      0x9d0004a0        0x8
 *(.vector_84)
 .vector_84     0x9d0004a0        0x8 /opt/microchip/xc32/v2.30/bin/bin/../../lib/gcc/pic32mx/4.8.3/../../../../pic32mx/lib/micromips/libpic32.a(vector84.o)
                0x9d0004a1                __vector_dispatch_84
                0x00000001                ASSERT (((_vector_spacing == 0x0) || (SIZEOF (.vector_84) <= (_vector_spacing << 0x3))), function at exception vector 84 too large)

.vector_85      0x9d0004a8        0x8
 *(.vector_85)
 .vector_85     0x9d0004a8        0x8 /opt/microchip/xc32/v2.30/bin/bin/../../lib/gcc/pic32mx/4.8.3/../../../../pic32mx/lib/micromips/libpic32.a(vector85.o)
                0x9d0004a9                __vector_dispatch_85
                0x00000001                ASSERT (((_vector_spacing == 0x0) || (SIZEOF (.vector_85) <= (_vector_spacing << 0x3))), function at exception vector 85 too large)

.vector_86      0x9d0004b0        0x8
 *(.vector_86)
 .vector_86     0x9d0004b0        0x8 /opt/microchip/xc32/v2.30/bin/bin/../../lib/gcc/pic32mx/4.8.3/../../../../pic32mx/lib/micromips/libpic32.a(vector86.o)
                0x9d0004b1                __vector_dispatch_86
                0x00000001                ASSERT (((_vector_spacing == 0x0) || (SIZEOF (.vector_86) <= (_vector_spacing << 0x3))), function at exception vector 86 too large)

.vector_87      0x9d0004b8        0x8
 *(.vector_87)
 .vector_87     0x9d0004b8        0x8 /opt/microchip/xc32/v2.30/bin/bin/../../lib/gcc/pic32mx/4.8.3/../../../../pic32mx/lib/micromips/libpic32.a(vector87.o)
                0x9d0004b9                __vector_dispatch_87
                0x00000001                ASSERT (((_vector_spacing == 0x0) || (SIZEOF (.vector_87) <= (_vector_spacing << 0x3))), function at exception vector 87 too large)

.vector_88      0x9d0004c0        0x8
 *(.vector_88)
 .vector_88     0x9d0004c0        0x8 /opt/microchip/xc32/v2.30/bin/bin/../../lib/gcc/pic32mx/4.8.3/../../../../pic32mx/lib/micromips/libpic32.a(vector88.o)
                0x9d0004c1                __vector_dispatch_88
                0x00000001                ASSERT (((_vector_spacing == 0x0) || (SIZEOF (.vector_88) <= (_vector_spacing << 0x3))), function at exception vector 88 too large)

.vector_89      0x9d0004c8        0x8
 *(.vector_89)
 .vector_89     0x9d0004c8        0x8 /opt/microchip/xc32/v2.30/bin/bin/../../lib/gcc/pic32mx/4.8.3/../../../../pic32mx/lib/micromips/libpic32.a(vector89.o)
                0x9d0004c9                __vector_dispatch_89
                0x00000001                ASSERT (((_vector_spacing == 0x0) || (SIZEOF (.vector_89) <= (_vector_spacing << 0x3))), function at exception vector 89 too large)

.vector_90      0x9d0004d0        0x8
 *(.vector_90)
 .vector_90     0x9d0004d0        0x8 /opt/microchip/xc32/v2.30/bin/bin/../../lib/gcc/pic32mx/4.8.3/../../../../pic32mx/lib/micromips/libpic32.a(vector90.o)
                0x9d0004d1                __vector_dispatch_90
                0x00000001                ASSERT (((_vector_spacing == 0x0) || (SIZEOF (.vector_90) <= (_vector_spacing << 0x3))), function at exception vector 90 too large)

.vector_91      0x9d0004d8        0x8
 *(.vector_91)
 .vector_91     0x9d0004d8        0x8 /opt/microchip/xc32/v2.30/bin/bin/../../lib/gcc/pic32mx/4.8.3/../../../../pic32mx/lib/micromips/libpic32.a(vector91.o)
                0x9d0004d9                __vector_dispatch_91
                0x00000001                ASSERT (((_vector_spacing == 0x0) || (SIZEOF (.vector_91) <= (_vector_spacing << 0x3))), function at exception vector 91 too large)

.vector_92      0x9d0004e0        0x8
 *(.vector_92)
 .vector_92     0x9d0004e0        0x8 /opt/microchip/xc32/v2.30/bin/bin/../../lib/gcc/pic32mx/4.8.3/../../../../pic32mx/lib/micromips/libpic32.a(vector92.o)
                0x9d0004e1                __vector_dispatch_92
                0x00000001                ASSERT (((_vector_spacing == 0x0) || (SIZEOF (.vector_92) <= (_vector_spacing << 0x3))), function at exception vector 92 too large)

.vector_93      0x9d0004e8        0x8
 *(.vector_93)
 .vector_93     0x9d0004e8        0x8 /opt/microchip/xc32/v2.30/bin/bin/../../lib/gcc/pic32mx/4.8.3/../../../../pic32mx/lib/micromips/libpic32.a(vector93.o)
                0x9d0004e9                __vector_dispatch_93
                0x00000001                ASSERT (((_vector_spacing == 0x0) || (SIZEOF (.vector_93) <= (_vector_spacing << 0x3))), function at exception vector 93 too large)

.vector_94      0x9d0004f0        0x8
 *(.vector_94)
 .vector_94     0x9d0004f0        0x8 /opt/microchip/xc32/v2.30/bin/bin/../../lib/gcc/pic32mx/4.8.3/../../../../pic32mx/lib/micromips/libpic32.a(vector94.o)
                0x9d0004f1                __vector_dispatch_94
                0x00000001                ASSERT (((_vector_spacing == 0x0) || (SIZEOF (.vector_94) <= (_vector_spacing << 0x3))), function at exception vector 94 too large)

.vector_95      0x9d0004f8        0x8
 *(.vector_95)
 .vector_95     0x9d0004f8        0x8 /opt/microchip/xc32/v2.30/bin/bin/../../lib/gcc/pic32mx/4.8.3/../../../../pic32mx/lib/micromips/libpic32.a(vector95.o)
                0x9d0004f9                __vector_dispatch_95
                0x00000001                ASSERT (((_vector_spacing == 0x0) || (SIZEOF (.vector_95) <= (_vector_spacing << 0x3))), function at exception vector 95 too large)

.vector_96      0x9d000500        0x8
 *(.vector_96)
 .vector_96     0x9d000500        0x8 /opt/microchip/xc32/v2.30/bin/bin/../../lib/gcc/pic32mx/4.8.3/../../../../pic32mx/lib/micromips/libpic32.a(vector96.o)
                0x9d000501                __vector_dispatch_96
                0x00000001                ASSERT (((_vector_spacing == 0x0) || (SIZEOF (.vector_96) <= (_vector_spacing << 0x3))), function at exception vector 96 too large)

.vector_97      0x9d000508        0x8
 *(.vector_97)
 .vector_97     0x9d000508        0x8 /opt/microchip/xc32/v2.30/bin/bin/../../lib/gcc/pic32mx/4.8.3/../../../../pic32mx/lib/micromips/libpic32.a(vector97.o)
                0x9d000509                __vector_dispatch_97
                0x00000001                ASSERT (((_vector_spacing == 0x0) || (SIZEOF (.vector_97) <= (_vector_spacing << 0x3))), function at exception vector 97 too large)

.vector_98      0x9d000510        0x8
 *(.vector_98)
 .vector_98     0x9d000510        0x8 /opt/microchip/xc32/v2.30/bin/bin/../../lib/gcc/pic32mx/4.8.3/../../../../pic32mx/lib/micromips/libpic32.a(vector98.o)
                0x9d000511                __vector_dispatch_98
                0x00000001                ASSERT (((_vector_spacing == 0x0) || (SIZEOF (.vector_98) <= (_vector_spacing << 0x3))), function at exception vector 98 too large)

.vector_99      0x9d000518        0x8
 *(.vector_99)
 .vector_99     0x9d000518        0x8 /opt/microchip/xc32/v2.30/bin/bin/../../lib/gcc/pic32mx/4.8.3/../../../../pic32mx/lib/micromips/libpic32.a(vector99.o)
                0x9d000519                __vector_dispatch_99
                0x00000001                ASSERT (((_vector_spacing == 0x0) || (SIZEOF (.vector_99) <= (_vector_spacing << 0x3))), function at exception vector 99 too large)

.vector_100     0x9d000520        0x8
 *(.vector_100)
 .vector_100    0x9d000520        0x8 /opt/microchip/xc32/v2.30/bin/bin/../../lib/gcc/pic32mx/4.8.3/../../../../pic32mx/lib/micromips/libpic32.a(vector100.o)
                0x9d000521                __vector_dispatch_100
                0x00000001                ASSERT (((_vector_spacing == 0x0) || (SIZEOF (.vector_100) <= (_vector_spacing << 0x3))), function at exception vector 100 too large)

.vector_101     0x9d000528        0x8
 *(.vector_101)
 .vector_101    0x9d000528        0x8 /opt/microchip/xc32/v2.30/bin/bin/../../lib/gcc/pic32mx/4.8.3/../../../../pic32mx/lib/micromips/libpic32.a(vector101.o)
                0x9d000529                __vector_dispatch_101
                0x00000001                ASSERT (((_vector_spacing == 0x0) || (SIZEOF (.vector_101) <= (_vector_spacing << 0x3))), function at exception vector 101 too large)

.startup
 *(.startup)

.text           0x9d000530        0x0
 *(.stub .gnu.linkonce.t.*)
 *(.text.*personality*)
 *(.mips16.fn.*)
 *(.mips16.call.*)
 *(.gnu.warning)
                0x9d000530                . = ALIGN (0x4)

.init           0x9d000530        0x0
 *crti.o(.init)
 *crtbegin.o(.init)
 *(EXCLUDE_FILE(*crtn.o *crtend?.o *crtend.o) .init)
 *crtend.o(.init)
 *crtn.o(.init)
                0x9d000530                . = ALIGN (0x4)

.fini           0x9d000530        0x0
 *(.fini)
                0x9d000530                . = ALIGN (0x4)

.preinit_array  0x9d000530        0x0
                0x9d000530                PROVIDE (__preinit_array_start, .)
 *(.preinit_array)
                0x9d000530                PROVIDE (__preinit_array_end, .)
                0x9d000530                . = ALIGN (0x4)

.init_array     0x9d000530        0x0
                0x9d000530                PROVIDE (__init_array_start, .)
 *(SORT(.init_array.*))
 *(.init_array)
                0x9d000530                PROVIDE (__init_array_end, .)
                0x9d000530                . = ALIGN (0x4)

.fini_array     0x9d000530        0x0
                0x9d000530                PROVIDE (__fini_array_start, .)
 *(SORT(.fini_array.*))
 *(.fini_array)
                0x9d000530                PROVIDE (__fini_array_end, .)
                0x9d000530                . = ALIGN (0x4)

.ctors          0x9d000530        0x0
 *crtbegin.o(.ctors)
 *crtbegin?.o(.ctors)
 *(EXCLUDE_FILE(*crtend?.o *crtend.o) .ctors)
 *(SORT(.ctors.*))
 *(.ctors)
                0x9d000530                . = ALIGN (0x4)

.dtors          0x9d000530        0x0
 *crtbegin.o(.dtors)
 *crtbegin?.o(.dtors)
 *(EXCLUDE_FILE(*crtend?.o *crtend.o) .dtors)
 *(SORT(.dtors.*))
 *(.dtors)
                0x9d000530                . = ALIGN (0x4)

.rodata         0x9d000530        0x0
 *(.gnu.linkonce.r.*)
 *(.rodata1)
                0x9d000530                . = ALIGN (0x4)

.sdata2         0x9fc00490        0x0
 *(.sdata2 .sdata2.* .gnu.linkonce.s2.*)
                0x9fc00490                . = ALIGN (0x4)

.sbss2          0x9fc00490        0x0
 *(.sbss2 .sbss2.* .gnu.linkonce.sb2.*)
                0x9fc00490                . = ALIGN (0x4)

.eh_frame_hdr
 *(.eh_frame_hdr)
                0x9fc00490                . = ALIGN (0x4)

.eh_frame
 *(.eh_frame)
                0x9fc00490                . = ALIGN (0x4)

.gcc_except_table
 *(.gcc_except_table .gcc_except_table.*)
                0x9fc00490                . = ALIGN (0x4)

.dbg_data       0x80000000        0x0
                0x80000000                . = (. + DEFINED (_DEBUGGER)?0x200:0x0)

.jcr            0x80000000        0x0
 *(.jcr)
                0x80000000                . = ALIGN (0x4)

.eh_frame
 *(.eh_frame)
                0x80000000                . = ALIGN (0x4)

.gcc_except_table
 *(.gcc_except_table .gcc_except_table.*)
                0x80000000                . = ALIGN (0x4)

.persist        0x80000000        0x0
                0x80000000                _persist_begin = .
 *(.persist .persist.*)
                0x80000000                . = ALIGN (0x4)
                0x80000000                _persist_end = .

.data           0x80000000        0x0
 *(.gnu.linkonce.d.*)
 *(.data1)
                0x80000000                . = ALIGN (0x4)
                0x80000000                . = .
                0x80007ff0                _gp = (ALIGN (0x10) + 0x7ff0)

.got            0x80000000        0x0
 *(.got.plt)
 *(.got)
                0x80000000                . = ALIGN (0x4)

.sdata          0x80000000       0x2c
                0x80000000                _sdata_begin = .
 *(.sdata .sdata.* .gnu.linkonce.s.*)
 .sdata         0x80000000        0x2 build/default/production/socket.o
 *fill*         0x80000002        0x2 
 .sdata         0x80000004       0x1c build/default/production/dhcp.o
                0x80000004                dhcp_lease_time
                0x80000008                dhcp_tick_next
                0x8000000c                HOST_NAME
                0x80000014                dhcp_ip_assign
                0x80000018                dhcp_ip_update
                0x8000001c                dhcp_ip_conflict
 .sdata         0x80000020        0x1 build/default/production/main.o
                0x80000020                licznik
 *fill*         0x80000021        0x3 
 .sdata         0x80000024        0x4 /opt/microchip/xc32/v2.30/bin/bin/../../lib/gcc/pic32mx/4.8.3/../../../../pic32mx/lib/micromips/liblega-c.a(_iobdata.o)
                0x80000024                _libc_data
 .sdata         0x80000028        0x4 /opt/microchip/xc32/v2.30/bin/bin/../../lib/gcc/pic32mx/4.8.3/../../../../pic32mx/lib/micromips/libpic32.a(xc32_uart.o)
                0x80000028                __XC_UART
                0x8000002c                . = ALIGN (0x4)
                0x8000002c                _sdata_end = .

.lit8
 *(.lit8)

.lit4
 *(.lit4)
                0x8000002c                . = ALIGN (0x4)
                0x8000002c                _data_end = .
                0x8000002c                _bss_begin = .

.sbss           0x8000002c       0x84
                0x8000002c                _sbss_begin = .
 *(.dynsbss)
 *(.sbss .sbss.* .gnu.linkonce.sb.*)
 .sbss          0x8000002c        0xc build/default/production/socket.o
                0x80000030                sock_pack_info
 .sbss          0x80000038        0x8 build/default/production/wizchip_conf.o
 .sbss          0x80000040       0x1c build/default/production/dhcp.o
                0x80000040                OLD_allocated_ip
                0x80000044                DHCP_allocated_ip
                0x80000048                DHCP_allocated_gw
                0x8000004c                DHCP_allocated_sn
                0x80000050                DHCP_allocated_dns
                0x80000054                dhcp_state
                0x80000055                dhcp_retry_count
                0x80000058                dhcp_tick_1s
 .sbss          0x8000005c        0x1 build/default/production/dns.o
 *fill*         0x8000005d        0x3 
 .sbss          0x80000060        0x4 build/default/production/MQTTPacket.o
 .sbss          0x80000064        0xc build/default/production/mcc_generated_files/exceptions.o
 .sbss          0x80000070        0x8 build/default/production/mcc_generated_files/tmr1.o
                0x80000070                TMR1_InterruptHandler
 .sbss          0x80000078        0x4 /opt/microchip/xc32/v2.30/bin/bin/../../lib/gcc/pic32mx/4.8.3/../../../../pic32mx/lib/micromips/liblega-c.a(errno.o)
                0x80000078                errno
 *(.scommon)
 .scommon       0x8000007c       0x19 build/default/production/dhcp.o
                0x8000007c                DHCP_CHADDR
                0x80000084                DHCP_XID
                0x80000088                DHCP_REAL_SIP
                0x8000008c                DHCP_SIP
                0x80000090                pDHCPMSG
                0x80000094                DHCP_SOCKET
 *fill*         0x80000095        0x3 
 .scommon       0x80000098        0xe build/default/production/dns.o
                0x80000098                DNS_SOCKET
                0x8000009c                dns_1s_tick
                0x800000a0                pDNSMSG
                0x800000a4                DNS_MSGID
 *fill*         0x800000a6        0x2 
 .scommon       0x800000a8        0x4 build/default/production/mqtt_interface.o
                0x800000a8                MilliTimer
 .scommon       0x800000ac        0x3 build/default/production/main.o
                0x800000ac                SoftTimer1
                0x800000ad                tmp
                0x800000ae                SoftTimer2
                0x800000af                _sbss_end = .
                0x800000b0                . = ALIGN (0x4)
 *fill*         0x800000af        0x1 

.bss            0x800000b0      0x41c
 *(.dynbss)
 *(COMMON)
 COMMON         0x800000b0      0x41c build/default/production/main.o
                0x800000b0                pnetinfo
                0x800000cc                gDATABUF
                0x800004cc                . = ALIGN ((. != 0x0)?0x4:0x1)
                0x800004cc                . = ALIGN (0x4)
                0x800004cc                _end = .
                0x800004cc                _bss_end = .
                0x00008000                _bmxdudba_address = 0x8000
                0x00008000                _bmxdupba_address = 0x8000

/DISCARD/
 *(.pdr)
 *(.rel.dyn)
 *(.note.GNU-stack)
 *(.note.GNU-stack)
 *(.gnu_debuglink)
 *(.gnu.lto_*)
 *(.discard)

.gptab.sdata
 *(.gptab.data)
 *(.gptab.sdata)

.gptab.sbss
 *(.gptab.bss)
 *(.gptab.sbss)

.mdebug.abi32   0x00000000        0x0
 *(.mdebug.abi32)
 .mdebug.abi32  0x00000000        0x0 build/default/production/w5500.o
 .mdebug.abi32  0x00000000        0x0 build/default/production/socket.o
 .mdebug.abi32  0x00000000        0x0 build/default/production/wizchip_conf.o
 .mdebug.abi32  0x00000000        0x0 build/default/production/dhcp.o
 .mdebug.abi32  0x00000000        0x0 build/default/production/dns.o
 .mdebug.abi32  0x00000000        0x0 build/default/production/MQTTConnectClient.o
 .mdebug.abi32  0x00000000        0x0 build/default/production/MQTTConnectServer.o
 .mdebug.abi32  0x00000000        0x0 build/default/production/MQTTDeserializePublish.o
 .mdebug.abi32  0x00000000        0x0 build/default/production/MQTTFormat.o
 .mdebug.abi32  0x00000000        0x0 build/default/production/MQTTPacket.o
 .mdebug.abi32  0x00000000        0x0 build/default/production/MQTTSerializePublish.o
 .mdebug.abi32  0x00000000        0x0 build/default/production/MQTTSubscribeClient.o
 .mdebug.abi32  0x00000000        0x0 build/default/production/MQTTSubscribeServer.o
 .mdebug.abi32  0x00000000        0x0 build/default/production/MQTTUnsubscribeClient.o
 .mdebug.abi32  0x00000000        0x0 build/default/production/MQTTUnsubscribeServer.o
 .mdebug.abi32  0x00000000        0x0 build/default/production/MQTTClient.o
 .mdebug.abi32  0x00000000        0x0 build/default/production/mqtt_interface.o
 .mdebug.abi32  0x00000000        0x0 build/default/production/mcc_generated_files/spi3.o
 .mdebug.abi32  0x00000000        0x0 build/default/production/mcc_generated_files/system.o
 .mdebug.abi32  0x00000000        0x0 build/default/production/mcc_generated_files/clock.o
 .mdebug.abi32  0x00000000        0x0 build/default/production/mcc_generated_files/exceptions.o
 .mdebug.abi32  0x00000000        0x0 build/default/production/mcc_generated_files/interrupt_manager.o
 .mdebug.abi32  0x00000000        0x0 build/default/production/mcc_generated_files/mcc.o
 .mdebug.abi32  0x00000000        0x0 build/default/production/mcc_generated_files/pin_manager.o
 .mdebug.abi32  0x00000000        0x0 build/default/production/mcc_generated_files/uart1.o
 .mdebug.abi32  0x00000000        0x0 build/default/production/mcc_generated_files/tmr1.o
 .mdebug.abi32  0x00000000        0x0 build/default/production/main.o
 .mdebug.abi32  0x00000000        0x0 build/default/production/delay.o
 .mdebug.abi32  0x00000000        0x0 /opt/microchip/xc32/v2.30/bin/bin/../../lib/gcc/pic32mx/4.8.3/../../../../pic32mx/lib/micromips/libpic32.a(default-bootstrap-exception-handler.o)
 .mdebug.abi32  0x00000000        0x0 /opt/microchip/xc32/v2.30/bin/bin/../../lib/gcc/pic32mx/4.8.3/../../../../pic32mx/lib/micromips/libpic32.a(default-on-reset.o)
 .mdebug.abi32  0x00000000        0x0 /opt/microchip/xc32/v2.30/bin/bin/../../lib/gcc/pic32mx/4.8.3/../../../../pic32mx/lib/micromips/libpic32.a(default-on-bootstrap.o)
 .mdebug.abi32  0x00000000        0x0 /opt/microchip/xc32/v2.30/bin/bin/../../lib/gcc/pic32mx/4.8.3/../../../../pic32mx/lib/micromips/libpic32.a(defaultinterrupt.o)
 .mdebug.abi32  0x00000000        0x0 /opt/microchip/xc32/v2.30/bin/bin/../../lib/gcc/pic32mx/4.8.3/../../../../pic32mx/lib/micromips/liblega-c.a(strncmp.o)
 .mdebug.abi32  0x00000000        0x0 /opt/microchip/xc32/v2.30/bin/bin/../../lib/gcc/pic32mx/4.8.3/../../../../pic32mx/lib/micromips/liblega-c.a(strncpy.o)
 .mdebug.abi32  0x00000000        0x0 /opt/microchip/xc32/v2.30/bin/bin/../../lib/gcc/pic32mx/4.8.3/../../../../pic32mx/lib/micromips/liblega-c.a(strchr.o)
 .mdebug.abi32  0x00000000        0x0 /opt/microchip/xc32/v2.30/bin/bin/../../lib/gcc/pic32mx/4.8.3/../../../../pic32mx/lib/micromips/liblega-c.a(fputs.o)
 .mdebug.abi32  0x00000000        0x0 /opt/microchip/xc32/v2.30/bin/bin/../../lib/gcc/pic32mx/4.8.3/../../../../pic32mx/lib/micromips/liblega-c.a(printf_cdnopsuxX.eo)
 .mdebug.abi32  0x00000000        0x0 /opt/microchip/xc32/v2.30/bin/bin/../../lib/gcc/pic32mx/4.8.3/../../../../pic32mx/lib/micromips/liblega-c.a(sprintf_cdnopuxX.eo)
 .mdebug.abi32  0x00000000        0x0 /opt/microchip/xc32/v2.30/bin/bin/../../lib/gcc/pic32mx/4.8.3/../../../../pic32mx/lib/micromips/liblega-c.a(snprintf_cdnopsuxX.eo)
 .mdebug.abi32  0x00000000        0x0 /opt/microchip/xc32/v2.30/bin/bin/../../lib/gcc/pic32mx/4.8.3/../../../../pic32mx/lib/micromips/liblega-c.a(_doprnt_cdnopsuxX.eo)
 .mdebug.abi32  0x00000000        0x0 /opt/microchip/xc32/v2.30/bin/bin/../../lib/gcc/pic32mx/4.8.3/../../../../pic32mx/lib/micromips/liblega-c.a(_iobdata.o)
 .mdebug.abi32  0x00000000        0x0 /opt/microchip/xc32/v2.30/bin/bin/../../lib/gcc/pic32mx/4.8.3/../../../../pic32mx/lib/micromips/liblega-c.a(_iobfuncs.o)
 .mdebug.abi32  0x00000000        0x0 /opt/microchip/xc32/v2.30/bin/bin/../../lib/gcc/pic32mx/4.8.3/../../../../pic32mx/lib/micromips/liblega-c.a(_iobstring.o)
 .mdebug.abi32  0x00000000        0x0 /opt/microchip/xc32/v2.30/bin/bin/../../lib/gcc/pic32mx/4.8.3/../../../../pic32mx/lib/micromips/liblega-c.a(fputc.o)
 .mdebug.abi32  0x00000000        0x0 /opt/microchip/xc32/v2.30/bin/bin/../../lib/gcc/pic32mx/4.8.3/../../../../pic32mx/lib/micromips/liblega-c.a(errno.o)
 .mdebug.abi32  0x00000000        0x0 /opt/microchip/xc32/v2.30/bin/bin/../../lib/gcc/pic32mx/4.8.3/micromips/libgcc.a(_udivdi3.o)
 .mdebug.abi32  0x00000000        0x0 /opt/microchip/xc32/v2.30/bin/bin/../../lib/gcc/pic32mx/4.8.3/micromips/libgcc.a(_umoddi3.o)
 .mdebug.abi32  0x00000000        0x0 /opt/microchip/xc32/v2.30/bin/bin/../../lib/gcc/pic32mx/4.8.3/../../../../pic32mx/lib/micromips/libpic32.a(_mon_getc.o)
 .mdebug.abi32  0x00000000        0x0 /opt/microchip/xc32/v2.30/bin/bin/../../lib/gcc/pic32mx/4.8.3/../../../../pic32mx/lib/micromips/libpic32.a(_mon_write.o)
 .mdebug.abi32  0x00000000        0x0 /opt/microchip/xc32/v2.30/bin/bin/../../lib/gcc/pic32mx/4.8.3/../../../../pic32mx/lib/micromips/libpic32.a(xc32_uart.o)

.mdebug.abiN32
 *(.mdebug.abiN32)

.mdebug.abi64
 *(.mdebug.abi64)

.mdebug.abiO64
 *(.mdebug.abiO64)

.mdebug.eabi32
 *(.mdebug.eabi32)

.mdebug.eabi64
 *(.mdebug.eabi64)

.gcc_compiled_long32
 *(.gcc_compiled_long32)

.gcc_compiled_long64
 *(.gcc_compiled_long64)

.stab
 *(.stab)

.stabstr
 *(.stabstr)

.stab.excl
 *(.stab.excl)

.stab.exclstr
 *(.stab.exclstr)

.stab.index
 *(.stab.index)

.stab.indexstr
 *(.stab.indexstr)

.comment        0x00000000      0x4bf
 *(.comment)
 .comment       0x00000000       0x3c build/default/production/w5500.o
                                 0x3d (size before relaxing)
 .comment       0x00000000       0x3d build/default/production/socket.o
 .comment       0x00000000       0x3d build/default/production/wizchip_conf.o
 .comment       0x00000000       0x3d build/default/production/dhcp.o
 .comment       0x00000000       0x3d build/default/production/dns.o
 .comment       0x00000000       0x3d build/default/production/MQTTConnectClient.o
 .comment       0x00000000       0x3d build/default/production/MQTTConnectServer.o
 .comment       0x00000000       0x3d build/default/production/MQTTDeserializePublish.o
 .comment       0x00000000       0x3d build/default/production/MQTTFormat.o
 .comment       0x00000000       0x3d build/default/production/MQTTPacket.o
 .comment       0x00000000       0x3d build/default/production/MQTTSerializePublish.o
 .comment       0x00000000       0x3d build/default/production/MQTTSubscribeClient.o
 .comment       0x00000000       0x3d build/default/production/MQTTSubscribeServer.o
 .comment       0x00000000       0x3d build/default/production/MQTTUnsubscribeClient.o
 .comment       0x00000000       0x3d build/default/production/MQTTUnsubscribeServer.o
 .comment       0x00000000       0x3d build/default/production/MQTTClient.o
 .comment       0x00000000       0x3d build/default/production/mqtt_interface.o
 .comment       0x00000000       0x3d build/default/production/mcc_generated_files/spi3.o
 .comment       0x00000000       0x3d build/default/production/mcc_generated_files/system.o
 .comment       0x00000000       0x3d build/default/production/mcc_generated_files/clock.o
 .comment       0x00000000       0x3d build/default/production/mcc_generated_files/exceptions.o
 .comment       0x00000000       0x3d build/default/production/mcc_generated_files/interrupt_manager.o
 .comment       0x00000000       0x3d build/default/production/mcc_generated_files/mcc.o
 .comment       0x00000000       0x3d build/default/production/mcc_generated_files/pin_manager.o
 .comment       0x00000000       0x3d build/default/production/mcc_generated_files/uart1.o
 .comment       0x00000000       0x3d build/default/production/mcc_generated_files/tmr1.o
 .comment       0x00000000       0x3d build/default/production/main.o
 .comment       0x00000000       0x3d build/default/production/delay.o
 .comment       0x0000003c       0x18 /opt/microchip/xc32/v2.30/bin/bin/../../lib/gcc/pic32mx/4.8.3/../../../../pic32mx/lib/micromips/libpic32.a(memcmp.o)
                                 0x19 (size before relaxing)
 .comment       0x00000054       0x18 /opt/microchip/xc32/v2.30/bin/bin/../../lib/gcc/pic32mx/4.8.3/../../../../pic32mx/lib/micromips/libpic32.a(memset.o)
                                 0x19 (size before relaxing)
 .comment       0x0000006c       0x19 /opt/microchip/xc32/v2.30/bin/bin/../../lib/gcc/pic32mx/4.8.3/../../../../pic32mx/lib/micromips/libpic32.a(strcpy.o)
                                 0x1a (size before relaxing)
 .comment       0x00000085       0x19 /opt/microchip/xc32/v2.30/bin/bin/../../lib/gcc/pic32mx/4.8.3/../../../../pic32mx/lib/micromips/libpic32.a(strlen.o)
                                 0x1a (size before relaxing)
 .comment       0x00000000       0x3d /opt/microchip/xc32/v2.30/bin/bin/../../lib/gcc/pic32mx/4.8.3/../../../../pic32mx/lib/micromips/libpic32.a(default-bootstrap-exception-handler.o)
 .comment       0x00000000       0x3d /opt/microchip/xc32/v2.30/bin/bin/../../lib/gcc/pic32mx/4.8.3/../../../../pic32mx/lib/micromips/libpic32.a(default-on-reset.o)
 .comment       0x00000000       0x3d /opt/microchip/xc32/v2.30/bin/bin/../../lib/gcc/pic32mx/4.8.3/../../../../pic32mx/lib/micromips/libpic32.a(default-on-bootstrap.o)
 .comment       0x00000000       0x3d /opt/microchip/xc32/v2.30/bin/bin/../../lib/gcc/pic32mx/4.8.3/../../../../pic32mx/lib/micromips/libpic32.a(defaultinterrupt.o)
 .comment       0x0000009e       0x50 /opt/microchip/xc32/v2.30/bin/bin/../../lib/gcc/pic32mx/4.8.3/../../../../pic32mx/lib/micromips/liblega-c.a(strncmp.o)
                                 0x8d (size before relaxing)
 .comment       0x000000ee       0x50 /opt/microchip/xc32/v2.30/bin/bin/../../lib/gcc/pic32mx/4.8.3/../../../../pic32mx/lib/micromips/liblega-c.a(strncpy.o)
                                 0x8d (size before relaxing)
 .comment       0x0000013e       0x4f /opt/microchip/xc32/v2.30/bin/bin/../../lib/gcc/pic32mx/4.8.3/../../../../pic32mx/lib/micromips/liblega-c.a(strchr.o)
                                 0x8c (size before relaxing)
 .comment       0x0000018d       0x50 /opt/microchip/xc32/v2.30/bin/bin/../../lib/gcc/pic32mx/4.8.3/../../../../pic32mx/lib/micromips/liblega-c.a(fputs.o)
                                 0x8d (size before relaxing)
 .comment       0x000001dd       0x51 /opt/microchip/xc32/v2.30/bin/bin/../../lib/gcc/pic32mx/4.8.3/../../../../pic32mx/lib/micromips/liblega-c.a(printf_cdnopsuxX.eo)
                                 0x8e (size before relaxing)
 .comment       0x0000022e       0x52 /opt/microchip/xc32/v2.30/bin/bin/../../lib/gcc/pic32mx/4.8.3/../../../../pic32mx/lib/micromips/liblega-c.a(sprintf_cdnopuxX.eo)
                                 0x8f (size before relaxing)
 .comment       0x00000280       0x53 /opt/microchip/xc32/v2.30/bin/bin/../../lib/gcc/pic32mx/4.8.3/../../../../pic32mx/lib/micromips/liblega-c.a(snprintf_cdnopsuxX.eo)
                                 0x90 (size before relaxing)
 .comment       0x000002d3       0x52 /opt/microchip/xc32/v2.30/bin/bin/../../lib/gcc/pic32mx/4.8.3/../../../../pic32mx/lib/micromips/liblega-c.a(_doprnt_cdnopsuxX.eo)
                                 0x8f (size before relaxing)
 .comment       0x00000325       0x53 /opt/microchip/xc32/v2.30/bin/bin/../../lib/gcc/pic32mx/4.8.3/../../../../pic32mx/lib/micromips/liblega-c.a(_iobdata.o)
                                 0x90 (size before relaxing)
 .comment       0x00000378       0x54 /opt/microchip/xc32/v2.30/bin/bin/../../lib/gcc/pic32mx/4.8.3/../../../../pic32mx/lib/micromips/liblega-c.a(_iobfuncs.o)
                                 0x91 (size before relaxing)
 .comment       0x000003cc       0x55 /opt/microchip/xc32/v2.30/bin/bin/../../lib/gcc/pic32mx/4.8.3/../../../../pic32mx/lib/micromips/liblega-c.a(_iobstring.o)
                                 0x92 (size before relaxing)
 .comment       0x00000421       0x50 /opt/microchip/xc32/v2.30/bin/bin/../../lib/gcc/pic32mx/4.8.3/../../../../pic32mx/lib/micromips/liblega-c.a(fputc.o)
                                 0x8d (size before relaxing)
 .comment       0x00000471       0x4e /opt/microchip/xc32/v2.30/bin/bin/../../lib/gcc/pic32mx/4.8.3/../../../../pic32mx/lib/micromips/liblega-c.a(errno.o)
                                 0x8b (size before relaxing)
 .comment       0x00000000       0x3d /opt/microchip/xc32/v2.30/bin/bin/../../lib/gcc/pic32mx/4.8.3/micromips/libgcc.a(_udivdi3.o)
 .comment       0x00000000       0x3d /opt/microchip/xc32/v2.30/bin/bin/../../lib/gcc/pic32mx/4.8.3/micromips/libgcc.a(_umoddi3.o)
 .comment       0x00000000       0x3d /opt/microchip/xc32/v2.30/bin/bin/../../lib/gcc/pic32mx/4.8.3/../../../../pic32mx/lib/micromips/libpic32.a(_mon_getc.o)
 .comment       0x00000000       0x3d /opt/microchip/xc32/v2.30/bin/bin/../../lib/gcc/pic32mx/4.8.3/../../../../pic32mx/lib/micromips/libpic32.a(_mon_write.o)
 .comment       0x00000000       0x3d /opt/microchip/xc32/v2.30/bin/bin/../../lib/gcc/pic32mx/4.8.3/../../../../pic32mx/lib/micromips/libpic32.a(xc32_uart.o)

.debug
 *.elf(.debug)
 *(.debug)

.line
 *.elf(.line)
 *(.line)

.debug_srcinfo
 *.elf(.debug_srcinfo)
 *(.debug_srcinfo)

.debug_sfnames
 *.elf(.debug_sfnames)
 *(.debug_sfnames)

.debug_aranges  0x00000000      0x4a0
 *.elf(.debug_aranges)
 *(.debug_aranges)
 .debug_aranges
                0x00000000       0x20 build/default/production/w5500.o
 .debug_aranges
                0x00000020       0x20 build/default/production/socket.o
 .debug_aranges
                0x00000040       0x20 build/default/production/wizchip_conf.o
 .debug_aranges
                0x00000060       0x20 build/default/production/dhcp.o
 .debug_aranges
                0x00000080       0x20 build/default/production/dns.o
 .debug_aranges
                0x000000a0       0x20 build/default/production/MQTTConnectClient.o
 .debug_aranges
                0x000000c0       0x20 build/default/production/MQTTConnectServer.o
 .debug_aranges
                0x000000e0       0x20 build/default/production/MQTTDeserializePublish.o
 .debug_aranges
                0x00000100       0x20 build/default/production/MQTTFormat.o
 .debug_aranges
                0x00000120       0x20 build/default/production/MQTTPacket.o
 .debug_aranges
                0x00000140       0x20 build/default/production/MQTTSerializePublish.o
 .debug_aranges
                0x00000160       0x20 build/default/production/MQTTSubscribeClient.o
 .debug_aranges
                0x00000180       0x20 build/default/production/MQTTSubscribeServer.o
 .debug_aranges
                0x000001a0       0x20 build/default/production/MQTTUnsubscribeClient.o
 .debug_aranges
                0x000001c0       0x20 build/default/production/MQTTUnsubscribeServer.o
 .debug_aranges
                0x000001e0       0x20 build/default/production/MQTTClient.o
 .debug_aranges
                0x00000200       0x20 build/default/production/mqtt_interface.o
 .debug_aranges
                0x00000220       0x20 build/default/production/mcc_generated_files/spi3.o
 .debug_aranges
                0x00000240       0x20 build/default/production/mcc_generated_files/system.o
 .debug_aranges
                0x00000260       0x20 build/default/production/mcc_generated_files/clock.o
 .debug_aranges
                0x00000280       0x20 build/default/production/mcc_generated_files/exceptions.o
 .debug_aranges
                0x000002a0       0x20 build/default/production/mcc_generated_files/interrupt_manager.o
 .debug_aranges
                0x000002c0       0x20 build/default/production/mcc_generated_files/mcc.o
 .debug_aranges
                0x000002e0       0x20 build/default/production/mcc_generated_files/pin_manager.o
 .debug_aranges
                0x00000300       0x20 build/default/production/mcc_generated_files/uart1.o
 .debug_aranges
                0x00000320       0x20 build/default/production/mcc_generated_files/tmr1.o
 .debug_aranges
                0x00000340       0x20 build/default/production/main.o
 .debug_aranges
                0x00000360       0x20 build/default/production/delay.o
 .debug_aranges
                0x00000380       0x20 /opt/microchip/xc32/v2.30/bin/bin/../../lib/gcc/pic32mx/4.8.3/../../../../pic32mx/lib/micromips/pic32_software_reset-mm.o
 .debug_aranges
                0x000003a0       0x20 /opt/microchip/xc32/v2.30/bin/bin/../../lib/gcc/pic32mx/4.8.3/../../../../pic32mx/lib/micromips/libpic32.a(default-bootstrap-exception-handler.o)
 .debug_aranges
                0x000003c0       0x20 /opt/microchip/xc32/v2.30/bin/bin/../../lib/gcc/pic32mx/4.8.3/../../../../pic32mx/lib/micromips/libpic32.a(default-on-reset.o)
 .debug_aranges
                0x000003e0       0x20 /opt/microchip/xc32/v2.30/bin/bin/../../lib/gcc/pic32mx/4.8.3/../../../../pic32mx/lib/micromips/libpic32.a(default-on-bootstrap.o)
 .debug_aranges
                0x00000400       0x20 /opt/microchip/xc32/v2.30/bin/bin/../../lib/gcc/pic32mx/4.8.3/../../../../pic32mx/lib/micromips/libpic32.a(defaultinterrupt.o)
 .debug_aranges
                0x00000420       0x20 /opt/microchip/xc32/v2.30/bin/bin/../../lib/gcc/pic32mx/4.8.3/micromips/libgcc.a(_udivdi3.o)
 .debug_aranges
                0x00000440       0x20 /opt/microchip/xc32/v2.30/bin/bin/../../lib/gcc/pic32mx/4.8.3/micromips/libgcc.a(_umoddi3.o)
 .debug_aranges
                0x00000460       0x20 /opt/microchip/xc32/v2.30/bin/bin/../../lib/gcc/pic32mx/4.8.3/../../../../pic32mx/lib/micromips/libpic32.a(_mon_getc.o)
 .debug_aranges
                0x00000480       0x20 /opt/microchip/xc32/v2.30/bin/bin/../../lib/gcc/pic32mx/4.8.3/../../../../pic32mx/lib/micromips/libpic32.a(_mon_write.o)

.debug_pubnames
 *.elf(.debug_pubnames)
 *(.debug_pubnames)

.debug_info     0x00000000     0xdffc
 *.elf(.debug_info .gnu.linkonce.wi.*)
 *(.debug_info .gnu.linkonce.wi.*)
 .debug_info    0x00000000      0x70e build/default/production/w5500.o
 .debug_info    0x0000070e      0x889 build/default/production/socket.o
 .debug_info    0x00000f97     0x125e build/default/production/wizchip_conf.o
 .debug_info    0x000021f5      0xf2e build/default/production/dhcp.o
 .debug_info    0x00003123      0x78f build/default/production/dns.o
 .debug_info    0x000038b2      0x8f6 build/default/production/MQTTConnectClient.o
 .debug_info    0x000041a8      0x7fc build/default/production/MQTTConnectServer.o
 .debug_info    0x000049a4      0x520 build/default/production/MQTTDeserializePublish.o
 .debug_info    0x00004ec4      0xcf4 build/default/production/MQTTFormat.o
 .debug_info    0x00005bb8      0xa18 build/default/production/MQTTPacket.o
 .debug_info    0x000065d0      0x698 build/default/production/MQTTSerializePublish.o
 .debug_info    0x00006c68      0x5d5 build/default/production/MQTTSubscribeClient.o
 .debug_info    0x0000723d      0x557 build/default/production/MQTTSubscribeServer.o
 .debug_info    0x00007794      0x54d build/default/production/MQTTUnsubscribeClient.o
 .debug_info    0x00007ce1      0x50e build/default/production/MQTTUnsubscribeServer.o
 .debug_info    0x000081ef     0x1317 build/default/production/MQTTClient.o
 .debug_info    0x00009506      0x571 build/default/production/mqtt_interface.o
 .debug_info    0x00009a77      0x938 build/default/production/mcc_generated_files/spi3.o
 .debug_info    0x0000a3af      0x21c build/default/production/mcc_generated_files/system.o
 .debug_info    0x0000a5cb      0x232 build/default/production/mcc_generated_files/clock.o
 .debug_info    0x0000a7fd      0x1f6 build/default/production/mcc_generated_files/exceptions.o
 .debug_info    0x0000a9f3      0x311 build/default/production/mcc_generated_files/interrupt_manager.o
 .debug_info    0x0000ad04      0x2c9 build/default/production/mcc_generated_files/mcc.o
 .debug_info    0x0000afcd      0x36b build/default/production/mcc_generated_files/pin_manager.o
 .debug_info    0x0000b338      0x635 build/default/production/mcc_generated_files/uart1.o
 .debug_info    0x0000b96d      0x6df build/default/production/mcc_generated_files/tmr1.o
 .debug_info    0x0000c04c      0x8f7 build/default/production/main.o
 .debug_info    0x0000c943      0x1c1 build/default/production/delay.o
 .debug_info    0x0000cb04      0x108 /opt/microchip/xc32/v2.30/bin/bin/../../lib/gcc/pic32mx/4.8.3/../../../../pic32mx/lib/micromips/pic32_software_reset-mm.o
 .debug_info    0x0000cc0c       0xf4 /opt/microchip/xc32/v2.30/bin/bin/../../lib/gcc/pic32mx/4.8.3/../../../../pic32mx/lib/micromips/libpic32.a(default-bootstrap-exception-handler.o)
 .debug_info    0x0000cd00       0xcd /opt/microchip/xc32/v2.30/bin/bin/../../lib/gcc/pic32mx/4.8.3/../../../../pic32mx/lib/micromips/libpic32.a(default-on-reset.o)
 .debug_info    0x0000cdcd       0xd5 /opt/microchip/xc32/v2.30/bin/bin/../../lib/gcc/pic32mx/4.8.3/../../../../pic32mx/lib/micromips/libpic32.a(default-on-bootstrap.o)
 .debug_info    0x0000cea2       0xe7 /opt/microchip/xc32/v2.30/bin/bin/../../lib/gcc/pic32mx/4.8.3/../../../../pic32mx/lib/micromips/libpic32.a(defaultinterrupt.o)
 .debug_info    0x0000cf89      0x751 /opt/microchip/xc32/v2.30/bin/bin/../../lib/gcc/pic32mx/4.8.3/micromips/libgcc.a(_udivdi3.o)
 .debug_info    0x0000d6da      0x792 /opt/microchip/xc32/v2.30/bin/bin/../../lib/gcc/pic32mx/4.8.3/micromips/libgcc.a(_umoddi3.o)
 .debug_info    0x0000de6c       0xc7 /opt/microchip/xc32/v2.30/bin/bin/../../lib/gcc/pic32mx/4.8.3/../../../../pic32mx/lib/micromips/libpic32.a(_mon_getc.o)
 .debug_info    0x0000df33       0xc9 /opt/microchip/xc32/v2.30/bin/bin/../../lib/gcc/pic32mx/4.8.3/../../../../pic32mx/lib/micromips/libpic32.a(_mon_write.o)

.debug_abbrev   0x00000000     0x2452
 *.elf(.debug_abbrev)
 *(.debug_abbrev)
 .debug_abbrev  0x00000000      0x190 build/default/production/w5500.o
 .debug_abbrev  0x00000190      0x10e build/default/production/socket.o
 .debug_abbrev  0x0000029e      0x22f build/default/production/wizchip_conf.o
 .debug_abbrev  0x000004cd      0x175 build/default/production/dhcp.o
 .debug_abbrev  0x00000642      0x170 build/default/production/dns.o
 .debug_abbrev  0x000007b2      0x14d build/default/production/MQTTConnectClient.o
 .debug_abbrev  0x000008ff      0x12f build/default/production/MQTTConnectServer.o
 .debug_abbrev  0x00000a2e      0x108 build/default/production/MQTTDeserializePublish.o
 .debug_abbrev  0x00000b36      0x159 build/default/production/MQTTFormat.o
 .debug_abbrev  0x00000c8f      0x1f5 build/default/production/MQTTPacket.o
 .debug_abbrev  0x00000e84      0x108 build/default/production/MQTTSerializePublish.o
 .debug_abbrev  0x00000f8c       0xee build/default/production/MQTTSubscribeClient.o
 .debug_abbrev  0x0000107a      0x108 build/default/production/MQTTSubscribeServer.o
 .debug_abbrev  0x00001182       0xee build/default/production/MQTTUnsubscribeClient.o
 .debug_abbrev  0x00001270      0x108 build/default/production/MQTTUnsubscribeServer.o
 .debug_abbrev  0x00001378      0x285 build/default/production/MQTTClient.o
 .debug_abbrev  0x000015fd      0x130 build/default/production/mqtt_interface.o
 .debug_abbrev  0x0000172d      0x1aa build/default/production/mcc_generated_files/spi3.o
 .debug_abbrev  0x000018d7       0x72 build/default/production/mcc_generated_files/system.o
 .debug_abbrev  0x00001949       0x72 build/default/production/mcc_generated_files/clock.o
 .debug_abbrev  0x000019bb       0x61 build/default/production/mcc_generated_files/exceptions.o
 .debug_abbrev  0x00001a1c       0x8e build/default/production/mcc_generated_files/interrupt_manager.o
 .debug_abbrev  0x00001aaa       0x9f build/default/production/mcc_generated_files/mcc.o
 .debug_abbrev  0x00001b49       0x5c build/default/production/mcc_generated_files/pin_manager.o
 .debug_abbrev  0x00001ba5      0x14b build/default/production/mcc_generated_files/uart1.o
 .debug_abbrev  0x00001cf0      0x18b build/default/production/mcc_generated_files/tmr1.o
 .debug_abbrev  0x00001e7b      0x1e5 build/default/production/main.o
 .debug_abbrev  0x00002060       0x6f build/default/production/delay.o
 .debug_abbrev  0x000020cf       0x14 /opt/microchip/xc32/v2.30/bin/bin/../../lib/gcc/pic32mx/4.8.3/../../../../pic32mx/lib/micromips/pic32_software_reset-mm.o
 .debug_abbrev  0x000020e3       0x28 /opt/microchip/xc32/v2.30/bin/bin/../../lib/gcc/pic32mx/4.8.3/../../../../pic32mx/lib/micromips/libpic32.a(default-bootstrap-exception-handler.o)
 .debug_abbrev  0x0000210b       0x28 /opt/microchip/xc32/v2.30/bin/bin/../../lib/gcc/pic32mx/4.8.3/../../../../pic32mx/lib/micromips/libpic32.a(default-on-reset.o)
 .debug_abbrev  0x00002133       0x28 /opt/microchip/xc32/v2.30/bin/bin/../../lib/gcc/pic32mx/4.8.3/../../../../pic32mx/lib/micromips/libpic32.a(default-on-bootstrap.o)
 .debug_abbrev  0x0000215b       0x28 /opt/microchip/xc32/v2.30/bin/bin/../../lib/gcc/pic32mx/4.8.3/../../../../pic32mx/lib/micromips/libpic32.a(defaultinterrupt.o)
 .debug_abbrev  0x00002183      0x138 /opt/microchip/xc32/v2.30/bin/bin/../../lib/gcc/pic32mx/4.8.3/micromips/libgcc.a(_udivdi3.o)
 .debug_abbrev  0x000022bb      0x147 /opt/microchip/xc32/v2.30/bin/bin/../../lib/gcc/pic32mx/4.8.3/micromips/libgcc.a(_umoddi3.o)
 .debug_abbrev  0x00002402       0x28 /opt/microchip/xc32/v2.30/bin/bin/../../lib/gcc/pic32mx/4.8.3/../../../../pic32mx/lib/micromips/libpic32.a(_mon_getc.o)
 .debug_abbrev  0x0000242a       0x28 /opt/microchip/xc32/v2.30/bin/bin/../../lib/gcc/pic32mx/4.8.3/../../../../pic32mx/lib/micromips/libpic32.a(_mon_write.o)

.debug_line     0x00000000     0x3004
 *.elf(.debug_line)
 *(.debug_line)
 .debug_line    0x00000000      0x187 build/default/production/w5500.o
 .debug_line    0x00000187      0x36a build/default/production/socket.o
 .debug_line    0x000004f1      0x2c5 build/default/production/wizchip_conf.o
 .debug_line    0x000007b6      0x36a build/default/production/dhcp.o
 .debug_line    0x00000b20      0x1dc build/default/production/dns.o
 .debug_line    0x00000cfc      0x133 build/default/production/MQTTConnectClient.o
 .debug_line    0x00000e2f      0x106 build/default/production/MQTTConnectServer.o
 .debug_line    0x00000f35       0xcf build/default/production/MQTTDeserializePublish.o
 .debug_line    0x00001004      0x154 build/default/production/MQTTFormat.o
 .debug_line    0x00001158      0x18f build/default/production/MQTTPacket.o
 .debug_line    0x000012e7       0xed build/default/production/MQTTSerializePublish.o
 .debug_line    0x000013d4       0xe6 build/default/production/MQTTSubscribeClient.o
 .debug_line    0x000014ba       0xd3 build/default/production/MQTTSubscribeServer.o
 .debug_line    0x0000158d       0xcc build/default/production/MQTTUnsubscribeClient.o
 .debug_line    0x00001659       0xc7 build/default/production/MQTTUnsubscribeServer.o
 .debug_line    0x00001720      0x2a5 build/default/production/MQTTClient.o
 .debug_line    0x000019c5      0x118 build/default/production/mqtt_interface.o
 .debug_line    0x00001add      0x26a build/default/production/mcc_generated_files/spi3.o
 .debug_line    0x00001d47      0x161 build/default/production/mcc_generated_files/system.o
 .debug_line    0x00001ea8      0x15c build/default/production/mcc_generated_files/clock.o
 .debug_line    0x00002004       0x95 build/default/production/mcc_generated_files/exceptions.o
 .debug_line    0x00002099      0x14b build/default/production/mcc_generated_files/interrupt_manager.o
 .debug_line    0x000021e4      0x13a build/default/production/mcc_generated_files/mcc.o
 .debug_line    0x0000231e      0x157 build/default/production/mcc_generated_files/pin_manager.o
 .debug_line    0x00002475      0x172 build/default/production/mcc_generated_files/uart1.o
 .debug_line    0x000025e7      0x187 build/default/production/mcc_generated_files/tmr1.o
 .debug_line    0x0000276e      0x1d3 build/default/production/main.o
 .debug_line    0x00002941       0x80 build/default/production/delay.o
 .debug_line    0x000029c1       0xb6 /opt/microchip/xc32/v2.30/bin/bin/../../lib/gcc/pic32mx/4.8.3/../../../../pic32mx/lib/micromips/pic32_software_reset-mm.o
 .debug_line    0x00002a77       0xa6 /opt/microchip/xc32/v2.30/bin/bin/../../lib/gcc/pic32mx/4.8.3/../../../../pic32mx/lib/micromips/libpic32.a(default-bootstrap-exception-handler.o)
 .debug_line    0x00002b1d       0x93 /opt/microchip/xc32/v2.30/bin/bin/../../lib/gcc/pic32mx/4.8.3/../../../../pic32mx/lib/micromips/libpic32.a(default-on-reset.o)
 .debug_line    0x00002bb0       0x97 /opt/microchip/xc32/v2.30/bin/bin/../../lib/gcc/pic32mx/4.8.3/../../../../pic32mx/lib/micromips/libpic32.a(default-on-bootstrap.o)
 .debug_line    0x00002c47       0xa5 /opt/microchip/xc32/v2.30/bin/bin/../../lib/gcc/pic32mx/4.8.3/../../../../pic32mx/lib/micromips/libpic32.a(defaultinterrupt.o)
 .debug_line    0x00002cec       0xf8 /opt/microchip/xc32/v2.30/bin/bin/../../lib/gcc/pic32mx/4.8.3/micromips/libgcc.a(_udivdi3.o)
 .debug_line    0x00002de4      0x107 /opt/microchip/xc32/v2.30/bin/bin/../../lib/gcc/pic32mx/4.8.3/micromips/libgcc.a(_umoddi3.o)
 .debug_line    0x00002eeb       0x8c /opt/microchip/xc32/v2.30/bin/bin/../../lib/gcc/pic32mx/4.8.3/../../../../pic32mx/lib/micromips/libpic32.a(_mon_getc.o)
 .debug_line    0x00002f77       0x8d /opt/microchip/xc32/v2.30/bin/bin/../../lib/gcc/pic32mx/4.8.3/../../../../pic32mx/lib/micromips/libpic32.a(_mon_write.o)
 .debug_line    0x00003004        0x0 /opt/microchip/xc32/v2.30/bin/bin/../../lib/gcc/pic32mx/4.8.3/../../../../pic32mx/lib/micromips/libpic32.a(xc32_uart.o)

.debug_frame    0x00000000     0x21a0
 *.elf(.debug_frame)
 *(.debug_frame)
 .debug_frame   0x00000000      0x158 build/default/production/w5500.o
 .debug_frame   0x00000158      0x1c8 build/default/production/socket.o
 .debug_frame   0x00000320      0x4e8 build/default/production/wizchip_conf.o
 .debug_frame   0x00000808      0x30c build/default/production/dhcp.o
 .debug_frame   0x00000b14      0x188 build/default/production/dns.o
 .debug_frame   0x00000c9c       0xf0 build/default/production/MQTTConnectClient.o
 .debug_frame   0x00000d8c       0x80 build/default/production/MQTTConnectServer.o
 .debug_frame   0x00000e0c       0x5c build/default/production/MQTTDeserializePublish.o
 .debug_frame   0x00000e68      0x174 build/default/production/MQTTFormat.o
 .debug_frame   0x00000fdc      0x278 build/default/production/MQTTPacket.o
 .debug_frame   0x00001254       0xec build/default/production/MQTTSerializePublish.o
 .debug_frame   0x00001340       0x84 build/default/production/MQTTSubscribeClient.o
 .debug_frame   0x000013c4       0x5c build/default/production/MQTTSubscribeServer.o
 .debug_frame   0x00001420       0x80 build/default/production/MQTTUnsubscribeClient.o
 .debug_frame   0x000014a0       0x5c build/default/production/MQTTUnsubscribeServer.o
 .debug_frame   0x000014fc      0x29c build/default/production/MQTTClient.o
 .debug_frame   0x00001798      0x180 build/default/production/mqtt_interface.o
 .debug_frame   0x00001918       0xfc build/default/production/mcc_generated_files/spi3.o
 .debug_frame   0x00001a14       0x58 build/default/production/mcc_generated_files/system.o
 .debug_frame   0x00001a6c       0x74 build/default/production/mcc_generated_files/clock.o
 .debug_frame   0x00001ae0       0x2c build/default/production/mcc_generated_files/exceptions.o
 .debug_frame   0x00001b0c       0x30 build/default/production/mcc_generated_files/interrupt_manager.o
 .debug_frame   0x00001b3c       0x34 build/default/production/mcc_generated_files/mcc.o
 .debug_frame   0x00001b70       0x30 build/default/production/mcc_generated_files/pin_manager.o
 .debug_frame   0x00001ba0      0x178 build/default/production/mcc_generated_files/uart1.o
 .debug_frame   0x00001d18      0x1e0 build/default/production/mcc_generated_files/tmr1.o
 .debug_frame   0x00001ef8      0x120 build/default/production/main.o
 .debug_frame   0x00002018       0x58 build/default/production/delay.o
 .debug_frame   0x00002070       0x2c /opt/microchip/xc32/v2.30/bin/bin/../../lib/gcc/pic32mx/4.8.3/../../../../pic32mx/lib/micromips/libpic32.a(default-bootstrap-exception-handler.o)
 .debug_frame   0x0000209c       0x20 /opt/microchip/xc32/v2.30/bin/bin/../../lib/gcc/pic32mx/4.8.3/../../../../pic32mx/lib/micromips/libpic32.a(default-on-reset.o)
 .debug_frame   0x000020bc       0x20 /opt/microchip/xc32/v2.30/bin/bin/../../lib/gcc/pic32mx/4.8.3/../../../../pic32mx/lib/micromips/libpic32.a(default-on-bootstrap.o)
 .debug_frame   0x000020dc       0x20 /opt/microchip/xc32/v2.30/bin/bin/../../lib/gcc/pic32mx/4.8.3/../../../../pic32mx/lib/micromips/libpic32.a(defaultinterrupt.o)
 .debug_frame   0x000020fc       0x20 /opt/microchip/xc32/v2.30/bin/bin/../../lib/gcc/pic32mx/4.8.3/micromips/libgcc.a(_udivdi3.o)
 .debug_frame   0x0000211c       0x20 /opt/microchip/xc32/v2.30/bin/bin/../../lib/gcc/pic32mx/4.8.3/micromips/libgcc.a(_umoddi3.o)
 .debug_frame   0x0000213c       0x34 /opt/microchip/xc32/v2.30/bin/bin/../../lib/gcc/pic32mx/4.8.3/../../../../pic32mx/lib/micromips/libpic32.a(_mon_getc.o)
 .debug_frame   0x00002170       0x30 /opt/microchip/xc32/v2.30/bin/bin/../../lib/gcc/pic32mx/4.8.3/../../../../pic32mx/lib/micromips/libpic32.a(_mon_write.o)

.debug_str      0x00000000      0x318
 *.elf(.debug_str)
 *(.debug_str)
 .debug_str     0x00000000       0x11 build/default/production/w5500.o
 .debug_str     0x00000011        0x9 build/default/production/socket.o
 .debug_str     0x0000001a       0x11 build/default/production/wizchip_conf.o
 .debug_str     0x0000002b        0x0 build/default/production/dhcp.o
 .debug_str     0x0000002b        0xc build/default/production/dns.o
 .debug_str     0x00000037       0x46 build/default/production/MQTTConnectClient.o
 .debug_str     0x0000007d       0x38 build/default/production/MQTTConnectServer.o
 .debug_str     0x000000b5        0x9 build/default/production/MQTTDeserializePublish.o
 .debug_str     0x000000be       0xc8 build/default/production/MQTTFormat.o
 .debug_str     0x00000186       0x23 build/default/production/MQTTPacket.o
 .debug_str     0x000001a9       0x25 build/default/production/MQTTSerializePublish.o
 .debug_str     0x000001ce       0x16 build/default/production/MQTTSubscribeClient.o
 .debug_str     0x000001e4        0x9 build/default/production/MQTTSubscribeServer.o
 .debug_str     0x000001ed       0x16 build/default/production/MQTTUnsubscribeClient.o
 .debug_str     0x00000203        0x9 build/default/production/MQTTUnsubscribeServer.o
 .debug_str     0x0000020c       0xc6 build/default/production/MQTTClient.o
 .debug_str     0x000002d2        0x6 build/default/production/mqtt_interface.o